Component: Arm Compiler for Embedded 6.21 Tool: armlink [5ec1fa00]

==============================================================================

Section Cross References

    main.o(.text.HAL_GetTick) refers to rtx_kernel.o(.text.osKernelGetState) for osKernelGetState
    main.o(.text.HAL_GetTick) refers to rtx_kernel.o(.text.osKernelGetTickCount) for osKernelGetTickCount
    main.o(.text.HAL_GetTick) refers to system_stm32f7xx.o(.data.SystemCoreClock) for SystemCoreClock
    main.o(.text.HAL_GetTick) refers to main.o(.bss.HAL_GetTick.ticks) for HAL_GetTick.ticks
    main.o(.ARM.exidx.text.HAL_GetTick) refers to main.o(.text.HAL_GetTick) for [Anonymous Symbol]
    main.o(.ARM.exidx.text.HAL_InitTick) refers to main.o(.text.HAL_InitTick) for [Anonymous Symbol]
    main.o(.text.MyFunction) refers to eventrecorder.o(.text.EventRecord2) for EventRecord2
    main.o(.text.MyFunction) refers to main.o(.bss.some_error) for some_error
    main.o(.text.MyFunction) refers to main.o(.data.string) for string
    main.o(.text.MyFunction) refers to eventrecorder.o(.text.EventRecordData) for EventRecordData
    main.o(.ARM.exidx.text.MyFunction) refers to main.o(.text.MyFunction) for [Anonymous Symbol]
    main.o(.text.main) refers to main.o(.text.MPU_Config) for MPU_Config
    main.o(.text.main) refers to main.o(.text.CPU_CACHE_Enable) for CPU_CACHE_Enable
    main.o(.text.main) refers to stm32f7xx_hal.o(.text.HAL_Init) for HAL_Init
    main.o(.text.main) refers to main.o(.text.SystemClock_Config) for SystemClock_Config
    main.o(.text.main) refers to system_stm32f7xx.o(.text.SystemCoreClockUpdate) for SystemCoreClockUpdate
    main.o(.text.main) refers to led_746g_discovery.o(.text.LED_Initialize) for LED_Initialize
    main.o(.text.main) refers to buttons_746g_discovery.o(.text.Buttons_Initialize) for Buttons_Initialize
    main.o(.text.main) refers to led_thread.o(.text.Init_LEDThread) for Init_LEDThread
    main.o(.text.main) refers to button_thread.o(.text.Init_ButtonThread) for Init_ButtonThread
    main.o(.text.main) refers to eventrecorder.o(.text.EventRecorderInitialize) for EventRecorderInitialize
    main.o(.text.main) refers to rtx_kernel.o(.text.osKernelInitialize) for osKernelInitialize
    main.o(.text.main) refers to main.o(.text.MyFunction) for MyFunction
    main.o(.text.main) refers to main.o(.bss.some_error) for some_error
    main.o(.text.main) refers to rtx_kernel.o(.text.osKernelStart) for osKernelStart
    main.o(.ARM.exidx.text.main) refers to main.o(.text.main) for [Anonymous Symbol]
    main.o(.text.MPU_Config) refers to stm32f7xx_hal_cortex.o(.text.HAL_MPU_Disable) for HAL_MPU_Disable
    main.o(.text.MPU_Config) refers to stm32f7xx_hal_cortex.o(.text.HAL_MPU_ConfigRegion) for HAL_MPU_ConfigRegion
    main.o(.text.MPU_Config) refers to stm32f7xx_hal_cortex.o(.text.HAL_MPU_Enable) for HAL_MPU_Enable
    main.o(.ARM.exidx.text.MPU_Config) refers to main.o(.text.MPU_Config) for [Anonymous Symbol]
    main.o(.ARM.exidx.text.CPU_CACHE_Enable) refers to main.o(.text.CPU_CACHE_Enable) for [Anonymous Symbol]
    main.o(.text.SystemClock_Config) refers to stm32f7xx_hal_rcc.o(.text.HAL_RCC_OscConfig) for HAL_RCC_OscConfig
    main.o(.text.SystemClock_Config) refers to main.o(.text.Error_Handler) for Error_Handler
    main.o(.text.SystemClock_Config) refers to stm32f7xx_hal_pwr_ex.o(.text.HAL_PWREx_EnableOverDrive) for HAL_PWREx_EnableOverDrive
    main.o(.text.SystemClock_Config) refers to stm32f7xx_hal_rcc.o(.text.HAL_RCC_ClockConfig) for HAL_RCC_ClockConfig
    main.o(.ARM.exidx.text.SystemClock_Config) refers to main.o(.text.SystemClock_Config) for [Anonymous Symbol]
    main.o(.ARM.exidx.text.Error_Handler) refers to main.o(.text.Error_Handler) for [Anonymous Symbol]
    button_thread.o(.text.Init_ButtonThread) refers to button_thread.o(.text.ButtonThread) for ButtonThread
    button_thread.o(.text.Init_ButtonThread) refers to rtx_thread.o(.text.osThreadNew) for osThreadNew
    button_thread.o(.text.Init_ButtonThread) refers to button_thread.o(.bss.tid_ButtonThread) for tid_ButtonThread
    button_thread.o(.ARM.exidx.text.Init_ButtonThread) refers to button_thread.o(.text.Init_ButtonThread) for [Anonymous Symbol]
    button_thread.o(.text.ButtonThread) refers to buttons_746g_discovery.o(.text.Buttons_GetState) for Buttons_GetState
    button_thread.o(.text.ButtonThread) refers to led_746g_discovery.o(.text.LED_On) for LED_On
    button_thread.o(.text.ButtonThread) refers to main.o(.text.MyFunction) for MyFunction
    button_thread.o(.text.ButtonThread) refers to led_746g_discovery.o(.text.LED_Off) for LED_Off
    button_thread.o(.text.ButtonThread) refers to rtx_thread.o(.text.osThreadYield) for osThreadYield
    button_thread.o(.ARM.exidx.text.ButtonThread) refers to button_thread.o(.text.ButtonThread) for [Anonymous Symbol]
    led_thread.o(.text.Init_LEDThread) refers to led_thread.o(.text.LEDThread) for LEDThread
[...]
    [Anonymous Symbol]                       0x080029cc   Section        0  rtx_kernel.o(.text.osKernelInitialize)
    __arm_cp.2_0                             0x080029f4   Number         4  rtx_kernel.o(.text.osKernelInitialize)
    [Anonymous Symbol]                       0x080029f8   Section        0  rtx_kernel.o(.text.osKernelStart)
    __arm_cp.7_0                             0x08002a18   Number         4  rtx_kernel.o(.text.osKernelStart)
    [Anonymous Symbol]                       0x08002a1c   Section        0  rtx_msgqueue.o(.text.osMessageQueueGet)
    __arm_cp.5_0                             0x08002a88   Number         4  rtx_msgqueue.o(.text.osMessageQueueGet)
    [Anonymous Symbol]                       0x08002a8c   Section        0  rtx_msgqueue.o(.text.osMessageQueuePut)
    __arm_cp.4_0                             0x08002b08   Number         4  rtx_msgqueue.o(.text.osMessageQueuePut)
    [Anonymous Symbol]                       0x08002b0c   Section        0  rtx_mutex.o(.text.osMutexAcquire)
    __arm_cp.4_0                             0x08002b2c   Number         4  rtx_mutex.o(.text.osMutexAcquire)
    [Anonymous Symbol]                       0x08002b30   Section        0  rtx_mutex.o(.text.osMutexDelete)
    __arm_cp.7_0                             0x08002b50   Number         4  rtx_mutex.o(.text.osMutexDelete)
    [Anonymous Symbol]                       0x08002b54   Section        0  rtx_mutex.o(.text.osMutexNew)
    __arm_cp.2_0                             0x08002b74   Number         4  rtx_mutex.o(.text.osMutexNew)
    [Anonymous Symbol]                       0x08002b78   Section        0  rtx_mutex.o(.text.osMutexRelease)
    __arm_cp.5_0                             0x08002b98   Number         4  rtx_mutex.o(.text.osMutexRelease)
    [Anonymous Symbol]                       0x08002ba0   Section        0  rtx_config.o(.text.osRtxErrorNotify)
    [Anonymous Symbol]                       0x08002bd0   Section        0  rtx_config.o(.text.osRtxIdleThread)
    [Anonymous Symbol]                       0x08002bd8   Section        0  rtx_kernel.o(.text.osRtxKernelErrorNotify)
    [Anonymous Symbol]                       0x08002bdc   Section        0  rtx_kernel.o(.text.osRtxKernelPreInit)
    [Anonymous Symbol]                       0x08002bde   Section        0  rtx_memory.o(.text.osRtxMemoryAlloc)
    [Anonymous Symbol]                       0x08002c4a   Section        0  rtx_memory.o(.text.osRtxMemoryFree)
    [Anonymous Symbol]                       0x08002c8c   Section        0  rtx_memory.o(.text.osRtxMemoryInit)
    [Anonymous Symbol]                       0x08002cc2   Section        0  rtx_mempool.o(.text.osRtxMemoryPoolAlloc)
    [Anonymous Symbol]                       0x08002cfc   Section        0  rtx_mempool.o(.text.osRtxMemoryPoolFree)
    [Anonymous Symbol]                       0x08002d46   Section        0  rtx_mempool.o(.text.osRtxMemoryPoolInit)
    osRtxMessageQueuePostProcess             0x08002d7f   Thumb Code   170  rtx_msgqueue.o(.text.osRtxMessageQueuePostProcess)
    [Anonymous Symbol]                       0x08002d7e   Section        0  rtx_msgqueue.o(.text.osRtxMessageQueuePostProcess)
    [Anonymous Symbol]                       0x08002e28   Section        0  rtx_msgqueue.o(.text.osRtxMessageQueueTimerSetup)
    __arm_cp.0_0                             0x08002e48   Number         4  rtx_msgqueue.o(.text.osRtxMessageQueueTimerSetup)
    [Anonymous Symbol]                       0x08002e4c   Section        0  rtx_mutex.o(.text.osRtxMutexOwnerRelease)
    [Anonymous Symbol]                       0x08002e94   Section        0  rtx_mutex.o(.text.osRtxMutexOwnerRestore)
    [Anonymous Symbol]                       0x08002edc   Section        0  rtx_system.o(.text.osRtxPendSV_Handler)
    [Anonymous Symbol]                       0x08002f64   Section        0  rtx_system.o(.text.osRtxPostProcess)
    __arm_cp.2_1                             0x08002fd0   Number         4  rtx_system.o(.text.osRtxPostProcess)
    osRtxThreadBlock                         0x08002fd5   Thumb Code    52  rtx_thread.o(.text.osRtxThreadBlock)
    [Anonymous Symbol]                       0x08002fd4   Section        0  rtx_thread.o(.text.osRtxThreadBlock)
    osRtxThreadDelayInsert                   0x08003009   Thumb Code   124  rtx_thread.o(.text.osRtxThreadDelayInsert)
    [Anonymous Symbol]                       0x08003008   Section        0  rtx_thread.o(.text.osRtxThreadDelayInsert)
    osRtxThreadDelayRemove                   0x08003085   Thumb Code    60  rtx_thread.o(.text.osRtxThreadDelayRemove)
    [Anonymous Symbol]                       0x08003084   Section        0  rtx_thread.o(.text.osRtxThreadDelayRemove)
    [Anonymous Symbol]                       0x080030c0   Section        0  rtx_thread.o(.text.osRtxThreadDelayTick)
    osRtxThreadDestroy                       0x08003111   Thumb Code    32  rtx_thread.o(.text.osRtxThreadDestroy)
    [Anonymous Symbol]                       0x08003110   Section        0  rtx_thread.o(.text.osRtxThreadDestroy)
    [Anonymous Symbol]                       0x08003130   Section        0  rtx_thread.o(.text.osRtxThreadDispatch)
    osRtxThreadFree                          0x08003181   Thumb Code    84  rtx_thread.o(.text.osRtxThreadFree)
    [Anonymous Symbol]                       0x08003180   Section        0  rtx_thread.o(.text.osRtxThreadFree)
    __arm_cp.51_0                            0x080031d4   Number         4  rtx_thread.o(.text.osRtxThreadFree)
    osRtxThreadJoinWakeup                    0x080031d9   Thumb Code    30  rtx_thread.o(.text.osRtxThreadJoinWakeup)
    [Anonymous Symbol]                       0x080031d8   Section        0  rtx_thread.o(.text.osRtxThreadJoinWakeup)
    [Anonymous Symbol]                       0x080031f6   Section        0  rtx_thread.o(.text.osRtxThreadListGet)
    [Anonymous Symbol]                       0x08003208   Section        0  rtx_thread.o(.text.osRtxThreadListPut)
    [Anonymous Symbol]                       0x08003234   Section        0  rtx_thread.o(.text.osRtxThreadListRemove)
    [Anonymous Symbol]                       0x08003248   Section        0  rtx_thread.o(.text.osRtxThreadListSort)
    osRtxThreadPostProcess                   0x0800326f   Thumb Code    40  rtx_thread.o(.text.osRtxThreadPostProcess)
    [Anonymous Symbol]                       0x0800326e   Section        0  rtx_thread.o(.text.osRtxThreadPostProcess)
    [Anonymous Symbol]                       0x08003298   Section        0  rtx_thread.o(.text.osRtxThreadReadyPut)
    __arm_cp.4_0                             0x080032a8   Number         4  rtx_thread.o(.text.osRtxThreadReadyPut)
    [Anonymous Symbol]                       0x080032ac   Section        0  rtx_thread.o(.text.osRtxThreadRegPtr)
    [Anonymous Symbol]                       0x080032c0   Section        0  rtx_thread.o(.text.osRtxThreadStartup)
    __arm_cp.14_1                            0x080032f0   Number         4  rtx_thread.o(.text.osRtxThreadStartup)
    [Anonymous Symbol]                       0x080032f4   Section        0  rtx_thread.o(.text.osRtxThreadSwitch)
    [Anonymous Symbol]                       0x08003300   Section        0  rtx_thread.o(.text.osRtxThreadWaitEnter)
    __arm_cp.12_0                            0x08003338   Number         4  rtx_thread.o(.text.osRtxThreadWaitEnter)
    [Anonymous Symbol]                       0x0800333c   Section        0  rtx_thread.o(.text.osRtxThreadWaitExit)
    [Anonymous Symbol]                       0x0800336c   Section        0  rtx_system.o(.text.osRtxTick_Handler)
    __arm_cp.0_0                             0x080033e0   Number         4  rtx_system.o(.text.osRtxTick_Handler)
    [Anonymous Symbol]                       0x080033e4   Section        0  rtx_timer.o(.text.osRtxTimerSetup)
    __arm_cp.0_0                             0x080033fc   Number         4  rtx_timer.o(.text.osRtxTimerSetup)
    __arm_cp.0_1                             0x08003400   Number         4  rtx_timer.o(.text.osRtxTimerSetup)
    [Anonymous Symbol]                       0x08003404   Section        0  rtx_timer.o(.text.osRtxTimerThread)
    osRtxTimerTick                           0x08003425   Thumb Code   108  rtx_timer.o(.text.osRtxTimerTick)
    [Anonymous Symbol]                       0x08003424   Section        0  rtx_timer.o(.text.osRtxTimerTick)
    __arm_cp.1_0                             0x08003490   Number         4  rtx_timer.o(.text.osRtxTimerTick)
    [Anonymous Symbol]                       0x08003494   Section        0  rtx_thread.o(.text.osThreadExit)
    __arm_cp.30_0                            0x0800349c   Number         4  rtx_thread.o(.text.osThreadExit)
    [Anonymous Symbol]                       0x080034a0   Section        0  rtx_thread.o(.text.osThreadNew)
    __arm_cp.16_0                            0x080034c0   Number         4  rtx_thread.o(.text.osThreadNew)
    [Anonymous Symbol]                       0x080034c4   Section        0  rtx_thread.o(.text.osThreadYield)
    __arm_cp.25_0                            0x080034e4   Number         4  rtx_thread.o(.text.osThreadYield)
    os_kernel_is_active                      0x080034e9   Thumb Code    54  rtx_lib.o(.text.os_kernel_is_active)
    [Anonymous Symbol]                       0x080034e8   Section        0  rtx_lib.o(.text.os_kernel_is_active)
    svcRtxDelay                              0x0800351f   Thumb Code    22  rtx_delay.o(.text.svcRtxDelay)
    [Anonymous Symbol]                       0x0800351e   Section        0  rtx_delay.o(.text.svcRtxDelay)
    svcRtxKernelGetState                     0x08003535   Thumb Code     8  rtx_kernel.o(.text.svcRtxKernelGetState)
    [Anonymous Symbol]                       0x08003534   Section        0  rtx_kernel.o(.text.svcRtxKernelGetState)
    svcRtxKernelGetTickCount                 0x0800353d   Thumb Code     8  rtx_kernel.o(.text.svcRtxKernelGetTickCount)
    [Anonymous Symbol]                       0x0800353c   Section        0  rtx_kernel.o(.text.svcRtxKernelGetTickCount)
    __arm_cp.14_0                            0x08003544   Number         4  rtx_kernel.o(.text.svcRtxKernelGetTickCount)
    svcRtxKernelInitialize                   0x08003549   Thumb Code   244  rtx_kernel.o(.text.svcRtxKernelInitialize)
    [Anonymous Symbol]                       0x08003548   Section        0  rtx_kernel.o(.text.svcRtxKernelInitialize)
    __arm_cp.21_0                            0x0800363c   Number         4  rtx_kernel.o(.text.svcRtxKernelInitialize)
    __arm_cp.21_1                            0x08003640   Number         4  rtx_kernel.o(.text.svcRtxKernelInitialize)
    __arm_cp.21_2                            0x08003644   Number         4  rtx_kernel.o(.text.svcRtxKernelInitialize)
    svcRtxKernelStart                        0x08003649   Thumb Code   124  rtx_kernel.o(.text.svcRtxKernelStart)
    [Anonymous Symbol]                       0x08003648   Section        0  rtx_kernel.o(.text.svcRtxKernelStart)
    __arm_cp.22_0                            0x080036c4   Number         4  rtx_kernel.o(.text.svcRtxKernelStart)
    __arm_cp.22_1                            0x080036c8   Number         4  rtx_kernel.o(.text.svcRtxKernelStart)
    __arm_cp.22_2                            0x080036cc   Number         4  rtx_kernel.o(.text.svcRtxKernelStart)
    __arm_cp.22_3                            0x080036d0   Number         4  rtx_kernel.o(.text.svcRtxKernelStart)
    svcRtxMessageQueueGet                    0x080036d5   Thumb Code   200  rtx_msgqueue.o(.text.svcRtxMessageQueueGet)
    [Anonymous Symbol]                       0x080036d4   Section        0  rtx_msgqueue.o(.text.svcRtxMessageQueueGet)
    __arm_cp.22_0                            0x0800379c   Number         4  rtx_msgqueue.o(.text.svcRtxMessageQueueGet)
    svcRtxMessageQueueNew                    0x080037a1   Thumb Code   272  rtx_msgqueue.o(.text.svcRtxMessageQueueNew)
    [Anonymous Symbol]                       0x080037a0   Section        0  rtx_msgqueue.o(.text.svcRtxMessageQueueNew)
    __arm_cp.1_0                             0x080038b0   Number         4  rtx_msgqueue.o(.text.svcRtxMessageQueueNew)
    __arm_cp.1_1                             0x080038b4   Number         4  rtx_msgqueue.o(.text.svcRtxMessageQueueNew)
    svcRtxMessageQueuePut                    0x080038b9   Thumb Code   168  rtx_msgqueue.o(.text.svcRtxMessageQueuePut)
    [Anonymous Symbol]                       0x080038b8   Section        0  rtx_msgqueue.o(.text.svcRtxMessageQueuePut)
    svcRtxMutexAcquire                       0x08003961   Thumb Code   140  rtx_mutex.o(.text.svcRtxMutexAcquire)
    [Anonymous Symbol]                       0x08003960   Section        0  rtx_mutex.o(.text.svcRtxMutexAcquire)
    __arm_cp.10_0                            0x080039ec   Number         4  rtx_mutex.o(.text.svcRtxMutexAcquire)
    svcRtxMutexDelete                        0x080039f1   Thumb Code   172  rtx_mutex.o(.text.svcRtxMutexDelete)
    [Anonymous Symbol]                       0x080039f0   Section        0  rtx_mutex.o(.text.svcRtxMutexDelete)
    svcRtxMutexNew                           0x08003a9d   Thumb Code   100  rtx_mutex.o(.text.svcRtxMutexNew)
    [Anonymous Symbol]                       0x08003a9c   Section        0  rtx_mutex.o(.text.svcRtxMutexNew)
    __arm_cp.8_0                             0x08003b00   Number         4  rtx_mutex.o(.text.svcRtxMutexNew)
    svcRtxMutexRelease                       0x08003b05   Thumb Code   176  rtx_mutex.o(.text.svcRtxMutexRelease)
    [Anonymous Symbol]                       0x08003b04   Section        0  rtx_mutex.o(.text.svcRtxMutexRelease)
    __arm_cp.11_0                            0x08003bb4   Number         4  rtx_mutex.o(.text.svcRtxMutexRelease)
    svcRtxThreadExit                         0x08003bb9   Thumb Code    72  rtx_thread.o(.text.svcRtxThreadExit)
    [Anonymous Symbol]                       0x08003bb8   Section        0  rtx_thread.o(.text.svcRtxThreadExit)
    __arm_cp.53_0                            0x08003c00   Number         4  rtx_thread.o(.text.svcRtxThreadExit)
    svcRtxThreadNew                          0x08003c05   Thumb Code   472  rtx_thread.o(.text.svcRtxThreadNew)
    [Anonymous Symbol]                       0x08003c04   Section        0  rtx_thread.o(.text.svcRtxThreadNew)
    __arm_cp.15_1                            0x08003ddc   Number         4  rtx_thread.o(.text.svcRtxThreadNew)
    __arm_cp.15_2                            0x08003de0   Number         4  rtx_thread.o(.text.svcRtxThreadNew)
    __arm_cp.15_3                            0x08003de4   Number         4  rtx_thread.o(.text.svcRtxThreadNew)
    __arm_cp.15_4                            0x08003de8   Number         4  rtx_thread.o(.text.svcRtxThreadNew)
    svcRtxThreadYield                        0x08003ded   Thumb Code    52  rtx_thread.o(.text.svcRtxThreadYield)
    [Anonymous Symbol]                       0x08003dec   Section        0  rtx_thread.o(.text.svcRtxThreadYield)
    __arm_cp.46_0                            0x08003e20   Number         4  rtx_thread.o(.text.svcRtxThreadYield)
    $v0                                      0x08003e24   Number         0  fpinit.o(x$fpl$fpinit)
    x$fpl$fpinit                             0x08003e24   Section       26  fpinit.o(x$fpl$fpinit)
    __tagsym$$used.4                         0x08003e40   Number         0  rtx_lib.o(.rodata)
    __tagsym$$used.5                         0x08003eb0   Number         0  rtx_lib.o(.rodata)
    __tagsym$$used.0                         0x08003ef8   Number         0  eventrecorder.o(.rodata.EventRecorderInfo)
    LED_PIN                                  0x08003f10   Data           8  led_746g_discovery.o(.rodata.LED_PIN)
    [Anonymous Symbol]                       0x08003f10   Section        0  led_746g_discovery.o(.rodata.LED_PIN)
    os_idle_thread_attr                      0x08003f1c   Data          36  rtx_lib.o(.rodata.os_idle_thread_attr)
    [Anonymous Symbol]                       0x08003f1c   Section        0  rtx_lib.o(.rodata.os_idle_thread_attr)
    os_timer_mq_attr                         0x08003f40   Data          24  rtx_lib.o(.rodata.os_timer_mq_attr)
    [Anonymous Symbol]                       0x08003f40   Section        0  rtx_lib.o(.rodata.os_timer_mq_attr)
    os_timer_thread_attr                     0x08003f58   Data          36  rtx_lib.o(.rodata.os_timer_thread_attr)
    [Anonymous Symbol]                       0x08003f58   Section        0  rtx_lib.o(.rodata.os_timer_thread_attr)
    .L.str                                   0x08003f7c   Data          13  led_thread.o(.rodata.str1.1)
    [Anonymous Symbol]                       0x08003f7c   Section        0  led_thread.o(.rodata.str1.1)
    [Anonymous Symbol]                       0x08003f8c   Section        0  rtx_kernel.o(.rodata.str1.4)
    .bss                                     0x200100c0   Section       96  libspace.o(.bss)
    HAL_GetTick.ticks                        0x20010120   Data           4  main.o(.bss.HAL_GetTick.ticks)
    [Anonymous Symbol]                       0x20010120   Section        0  main.o(.bss.HAL_GetTick.ticks)
    TS_OverflowLock                          0x20010124   Data           1  eventrecorder.o(.bss.TS_OverflowLock)
    [Anonymous Symbol]                       0x20010124   Section        0  eventrecorder.o(.bss.TS_OverflowLock)
    EventBuffer                              0x20010140   Data        1024  eventrecorder.o(.bss.noinit)
    [Anonymous Symbol]                       0x20010140   Section        0  eventrecorder.o(.bss.noinit)
    EventFilter                              0x20010540   Data         128  eventrecorder.o(.bss.noinit)
    EventStatus                              0x200105c0   Data          36  eventrecorder.o(.bss.noinit)
    os_isr_queue                             0x200105e8   Data          64  rtx_lib.o(.bss.os)
    [Anonymous Symbol]                       0x200105e8   Section        0  rtx_lib.o(.bss.os)
    os_mem                                   0x20010628   Data       32768  rtx_lib.o(.bss.os)
    PendST                                   0x20018628   Data           1  os_systick.o(.bss.os)
    [Anonymous Symbol]                       0x20018628   Section        0  os_systick.o(.bss.os)
    os_timer_mq_cb                           0x2001862c   Data          52  rtx_lib.o(.bss.os.msgqueue.cb)
    [Anonymous Symbol]                       0x2001862c   Section        0  rtx_lib.o(.bss.os.msgqueue.cb)
    os_timer_mq_data                         0x20018660   Data          80  rtx_lib.o(.bss.os.msgqueue.mem)
    [Anonymous Symbol]                       0x20018660   Section        0  rtx_lib.o(.bss.os.msgqueue.mem)
    os_idle_thread_cb                        0x200186b0   Data          68  rtx_lib.o(.bss.os.thread.cb)
    [Anonymous Symbol]                       0x200186b0   Section        0  rtx_lib.o(.bss.os.thread.cb)
    os_timer_thread_cb                       0x200186f4   Data          68  rtx_lib.o(.bss.os.thread.cb)
    os_idle_thread_stack                     0x20018738   Data         512  rtx_lib.o(.bss.os.thread.idle.stack)
    [Anonymous Symbol]                       0x20018738   Section        0  rtx_lib.o(.bss.os.thread.idle.stack)
    os_timer_thread_stack                    0x20018938   Data         512  rtx_lib.o(.bss.os.thread.timer.stack)
    [Anonymous Symbol]                       0x20018938   Section        0  rtx_lib.o(.bss.os.thread.timer.stack)
    os_kernel_is_active.os_kernel_active     0x20018b38   Data           1  rtx_lib.o(.bss.os_kernel_is_active.os_kernel_active)
    [Anonymous Symbol]                       0x20018b38   Section        0  rtx_lib.o(.bss.os_kernel_is_active.os_kernel_active)
    Heap_Mem                                 0x20018b48   Data         512  startup_stm32f746xx.o(HEAP)
    HEAP                                     0x20018b48   Section      512  startup_stm32f746xx.o(HEAP)
    Stack_Mem                                0x20018d48   Data        1024  startup_stm32f746xx.o(STACK)
    STACK                                    0x20018d48   Section     1024  startup_stm32f746xx.o(STACK)
    __initial_sp                             0x20019148   Data           0  startup_stm32f746xx.o(STACK)
    FPCCR                                    0xe000ef34   Number         0  irq_armv7m.o ABSOLUTE

    Global Symbols

    Symbol Name                              Value     Ov Type        Size  Object(Section)

    BuildAttributes$$THM_ISAv4$E$P$D$K$B$S$7EM$VFPi5$EXTD16$VFPS$VFMA$PE$PLD8$A:L22UL41UL21$X:L11$S22US41US21$IEEE1$IW$~IW$USESV6$~STKCKD$USESV7$~SHL$OSPACE$ROPI$EBA8$UX$STANDARDLIB$REQ8$PRES8$EABIv2 0x00000000   Number         0  anon$$obj.o ABSOLUTE
    .bss.os.evflags.cb$$Base                  - Undefined Weak Reference
    .bss.os.evflags.cb$$Limit                 - Undefined Weak Reference
    .bss.os.mempool.cb$$Base                  - Undefined Weak Reference
    .bss.os.mempool.cb$$Limit                 - Undefined Weak Reference
    .bss.os.mutex.cb$$Base                    - Undefined Weak Reference
    .bss.os.mutex.cb$$Limit                   - Undefined Weak Reference
    .bss.os.semaphore.cb$$Base                - Undefined Weak Reference
    .bss.os.semaphore.cb$$Limit               - Undefined Weak Reference
    .bss.os.timer.cb$$Base                    - Undefined Weak Reference
    .bss.os.timer.cb$$Limit                   - Undefined Weak Reference
    __ARM_exceptions_init                     - Undefined Weak Reference
    __alloca_initialize                       - Undefined Weak Reference
    __arm_preinit_                            - Undefined Weak Reference
    __arm_relocate_pie_                       - Undefined Weak Reference
    __cpp_initialize__aeabi_                  - Undefined Weak Reference
    __cxa_finalize                            - Undefined Weak Reference
    __rt_locale                               - Undefined Weak Reference
    __sigvec_lookup                           - Undefined Weak Reference
    _atexit_init                              - Undefined Weak Reference
    _call_atexit_fns                          - Undefined Weak Reference
    _clock_init                               - Undefined Weak Reference
    _fp_trap_init                             - Undefined Weak Reference
    _fp_trap_shutdown                         - Undefined Weak Reference
    _get_lc_collate                           - Undefined Weak Reference
    _get_lc_ctype                             - Undefined Weak Reference
    _get_lc_monetary                          - Undefined Weak Reference
    _get_lc_numeric                           - Undefined Weak Reference
    _get_lc_time                              - Undefined Weak Reference
    _getenv_init                              - Undefined Weak Reference
    _handle_redirection                       - Undefined Weak Reference
    _init_alloc                               - Undefined Weak Reference
    _init_user_alloc                          - Undefined Weak Reference
    _initio                                   - Undefined Weak Reference
    _rand_init                                - Undefined Weak Reference
    _signal_finish                            - Undefined Weak Reference
    _signal_init                              - Undefined Weak Reference
    _terminate_alloc                          - Undefined Weak Reference
    _terminate_user_alloc                     - Undefined Weak Reference
    _terminateio                              - Undefined Weak Reference
    __Vectors_Size                           0x000001c8   Number         0  startup_stm32f746xx.o ABSOLUTE
    __Vectors                                0x08000000   Data           4  startup_stm32f746xx.o(RESET)
    __Vectors_End                            0x080001c8   Data           0  startup_stm32f746xx.o(RESET)
    __main                                   0x080001c9   Thumb Code     8  __main.o(!!!main)
    __scatterload                            0x080001d1   Thumb Code     0  __scatter.o(!!!scatter)
    __scatterload_rt2                        0x080001d1   Thumb Code    84  __scatter.o(!!!scatter)
    __scatterload_rt2_thumb_only             0x080001d1   Thumb Code     0  __scatter.o(!!!scatter)
    __scatterload_loop                       0x080001db   Thumb Code     0  __scatter.o(!!!scatter)
    __scatterload_copy                       0x0800022d   Thumb Code    26  __scatter_copy.o(!!handler_copy)
    __scatterload_null                       0x08000249   Thumb Code     2  __scatter.o(!!handler_null)
    __scatterload_zeroinit                   0x0800024d   Thumb Code    28  __scatter_zi.o(!!handler_zi)
    __rt_lib_init                            0x08000269   Thumb Code     0  libinit.o(.ARM.Collect$$libinit$$00000000)
    __rt_lib_init_fp_1                       0x0800026b   Thumb Code     0  libinit2.o(.ARM.Collect$$libinit$$00000001)
    __rt_lib_init_alloca_1                   0x0800026f   Thumb Code     0  libinit2.o(.ARM.Collect$$libinit$$00000030)
    __rt_lib_init_argv_1                     0x0800026f   Thumb Code     0  libinit2.o(.ARM.Collect$$libinit$$0000002E)
    __rt_lib_init_atexit_1                   0x0800026f   Thumb Code     0  libinit2.o(.ARM.Collect$$libinit$$0000001D)
    __rt_lib_init_clock_1                    0x0800026f   Thumb Code     0  libinit2.o(.ARM.Collect$$libinit$$00000023)
    __rt_lib_init_cpp_1                      0x0800026f   Thumb Code     0  libinit2.o(.ARM.Collect$$libinit$$00000034)
    __rt_lib_init_exceptions_1               0x0800026f   Thumb Code     0  libinit2.o(.ARM.Collect$$libinit$$00000032)
    __rt_lib_init_fp_trap_1                  0x0800026f   Thumb Code     0  libinit2.o(.ARM.Collect$$libinit$$00000021)
    __rt_lib_init_getenv_1                   0x0800026f   Thumb Code     0  libinit2.o(.ARM.Collect$$libinit$$00000025)
    __rt_lib_init_heap_1                     0x0800026f   Thumb Code     0  libinit2.o(.ARM.Collect$$libinit$$0000000C)
    __rt_lib_init_lc_collate_1               0x0800026f   Thumb Code     0  libinit2.o(.ARM.Collect$$libinit$$00000013)
    __rt_lib_init_lc_ctype_1                 0x0800026f   Thumb Code     0  libinit2.o(.ARM.Collect$$libinit$$00000015)
    __rt_lib_init_lc_monetary_1              0x0800026f   Thumb Code     0  libinit2.o(.ARM.Collect$$libinit$$00000017)
    __rt_lib_init_lc_numeric_1               0x0800026f   Thumb Code     0  libinit2.o(.ARM.Collect$$libinit$$00000019)
    __rt_lib_init_lc_time_1                  0x0800026f   Thumb Code     0  libinit2.o(.ARM.Collect$$libinit$$0000001B)
    __rt_lib_init_preinit_1                  0x0800026f   Thumb Code     0  libinit2.o(.ARM.Collect$$libinit$$00000006)
    __rt_lib_init_rand_1                     0x0800026f   Thumb Code     0  libinit2.o(.ARM.Collect$$libinit$$00000010)
    __rt_lib_init_relocate_pie_1             0x0800026f   Thumb Code     0  libinit2.o(.ARM.Collect$$libinit$$00000004)
    __rt_lib_init_return                     0x0800026f   Thumb Code     0  libinit2.o(.ARM.Collect$$libinit$$00000035)
    __rt_lib_init_signal_1                   0x0800026f   Thumb Code     0  libinit2.o(.ARM.Collect$$libinit$$0000001F)
    __rt_lib_init_stdio_1                    0x0800026f   Thumb Code     0  libinit2.o(.ARM.Collect$$libinit$$00000027)
    __rt_lib_init_user_alloc_1               0x0800026f   Thumb Code     0  libinit2.o(.ARM.Collect$$libinit$$0000000E)
    __rt_lib_shutdown                        0x08000271   Thumb Code     0  libshutdown.o(.ARM.Collect$$libshutdown$$00000000)
    __rt_lib_shutdown_cpp_1                  0x08000273   Thumb Code     0  libshutdown2.o(.ARM.Collect$$libshutdown$$00000002)
    __rt_lib_shutdown_fp_trap_1              0x08000273   Thumb Code     0  libshutdown2.o(.ARM.Collect$$libshutdown$$00000007)
    __rt_lib_shutdown_heap_1                 0x08000273   Thumb Code     0  libshutdown2.o(.ARM.Collect$$libshutdown$$0000000F)
    __rt_lib_shutdown_return                 0x08000273   Thumb Code     0  libshutdown2.o(.ARM.Collect$$libshutdown$$00000010)
    __rt_lib_shutdown_signal_1               0x08000273   Thumb Code     0  libshutdown2.o(.ARM.Collect$$libshutdown$$0000000A)
    __rt_lib_shutdown_stdio_1                0x08000273   Thumb Code     0  libshutdown2.o(.ARM.Collect$$libshutdown$$00000004)
    __rt_lib_shutdown_user_alloc_1           0x08000273   Thumb Code     0  libshutdown2.o(.ARM.Collect$$libshutdown$$0000000C)
    __rt_entry                               0x08000275   Thumb Code     0  __rtentry.o(.ARM.Collect$$rtentry$$00000000)
    __rt_entry_presh_1                       0x08000275   Thumb Code     0  __rtentry2.o(.ARM.Collect$$rtentry$$00000002)
    __rt_entry_sh                            0x08000275   Thumb Code     0  __rtentry4.o(.ARM.Collect$$rtentry$$00000004)
    __rt_entry_postsh_1                      0x0800027b   Thumb Code     0  __rtentry2.o(.ARM.Collect$$rtentry$$00000008)
    __rt_entry_li                            0x08000283   Thumb Code     0  __rtentry2.o(.ARM.Collect$$rtentry$$0000000A)
    __rt_entry_main                          0x08000287   Thumb Code     0  __rtentry2.o(.ARM.Collect$$rtentry$$0000000D)
    __rt_entry_postli_1                      0x08000287   Thumb Code     0  __rtentry2.o(.ARM.Collect$$rtentry$$0000000C)
    __rt_exit                                0x0800028f   Thumb Code     0  rtexit.o(.ARM.Collect$$rtexit$$00000000)
    __rt_exit_ls                             0x08000291   Thumb Code     0  rtexit2.o(.ARM.Collect$$rtexit$$00000003)
    __rt_exit_prels_1                        0x08000291   Thumb Code     0  rtexit2.o(.ARM.Collect$$rtexit$$00000002)
    __rt_exit_exit                           0x08000295   Thumb Code     0  rtexit2.o(.ARM.Collect$$rtexit$$00000004)
    Reset_Handler                            0x0800029d   Thumb Code     8  startup_stm32f746xx.o(.text)
    NMI_Handler                              0x080002a5   Thumb Code     2  startup_stm32f746xx.o(.text)
    HardFault_Handler                        0x080002a7   Thumb Code     2  startup_stm32f746xx.o(.text)
    MemManage_Handler                        0x080002a9   Thumb Code     2  startup_stm32f746xx.o(.text)
    BusFault_Handler                         0x080002ab   Thumb Code     2  startup_stm32f746xx.o(.text)
    UsageFault_Handler                       0x080002ad   Thumb Code     2  startup_stm32f746xx.o(.text)
    DebugMon_Handler                         0x080002b1   Thumb Code     2  startup_stm32f746xx.o(.text)
    ADC_IRQHandler                           0x080002b7   Thumb Code     0  startup_stm32f746xx.o(.text)
    CAN1_RX0_IRQHandler                      0x080002b7   Thumb Code     0  startup_stm32f746xx.o(.text)
    CAN1_RX1_IRQHandler                      0x080002b7   Thumb Code     0  startup_stm32f746xx.o(.text)
    CAN1_SCE_IRQHandler                      0x080002b7   Thumb Code     0  startup_stm32f746xx.o(.text)
    CAN1_TX_IRQHandler                       0x080002b7   Thumb Code     0  startup_stm32f746xx.o(.text)
    CAN2_RX0_IRQHandler                      0x080002b7   Thumb Code     0  startup_stm32f746xx.o(.text)
    CAN2_RX1_IRQHandler                      0x080002b7   Thumb Code     0  startup_stm32f746xx.o(.text)
    CAN2_SCE_IRQHandler                      0x080002b7   Thumb Code     0  startup_stm32f746xx.o(.text)
    CAN2_TX_IRQHandler                       0x080002b7   Thumb Code     0  startup_stm32f746xx.o(.text)
    CEC_IRQHandler                           0x080002b7   Thumb Code     0  startup_stm32f746xx.o(.text)
    DCMI_IRQHandler                          0x080002b7   Thumb Code     0  startup_stm32f746xx.o(.text)
    DMA1_Stream0_IRQHandler                  0x080002b7   Thumb Code     0  startup_stm32f746xx.o(.text)
    DMA1_Stream1_IRQHandler                  0x080002b7   Thumb Code     0  startup_stm32f746xx.o(.text)
    DMA1_Stream2_IRQHandler                  0x080002b7   Thumb Code     0  startup_stm32f746xx.o(.text)
    DMA1_Stream3_IRQHandler                  0x080002b7   Thumb Code     0  startup_stm32f746xx.o(.text)
    DMA1_Stream4_IRQHandler                  0x080002b7   Thumb Code     0  startup_stm32f746xx.o(.text)
    DMA1_Stream5_IRQHandler                  0x080002b7   Thumb Code     0  startup_stm32f746xx.o(.text)
    DMA1_Stream6_IRQHandler                  0x080002b7   Thumb Code     0  startup_stm32f746xx.o(.text)
    DMA1_Stream7_IRQHandler                  0x080002b7   Thumb Code     0  startup_stm32f746xx.o(.text)
    DMA2D_IRQHandler                         0x080002b7   Thumb Code     0  startup_stm32f746xx.o(.text)
    DMA2_Stream0_IRQHandler                  0x080002b7   Thumb Code     0  startup_stm32f746xx.o(.text)
    DMA2_Stream1_IRQHandler                  0x080002b7   Thumb Code     0  startup_stm32f746xx.o(.text)
    DMA2_Stream2_IRQHandler                  0x080002b7   Thumb Code     0  startup_stm32f746xx.o(.text)
    DMA2_Stream3_IRQHandler                  0x080002b7   Thumb Code     0  startup_stm32f746xx.o(.text)
    DMA2_Stream4_IRQHandler                  0x080002b7   Thumb Code     0  startup_stm32f746xx.o(.text)
    DMA2_Stream5_IRQHandler                  0x080002b7   Thumb Code     0  startup_stm32f746xx.o(.text)
    DMA2_Stream6_IRQHandler                  0x080002b7   Thumb Code     0  startup_stm32f746xx.o(.text)
    DMA2_Stream7_IRQHandler                  0x080002b7   Thumb Code     0  startup_stm32f746xx.o(.text)
    ETH_IRQHandler                           0x080002b7   Thumb Code     0  startup_stm32f746xx.o(.text)
    ETH_WKUP_IRQHandler                      0x080002b7   Thumb Code     0  startup_stm32f746xx.o(.text)
    EXTI0_IRQHandler                         0x080002b7   Thumb Code     0  startup_stm32f746xx.o(.text)
    EXTI15_10_IRQHandler                     0x080002b7   Thumb Code     0  startup_stm32f746xx.o(.text)
    EXTI1_IRQHandler                         0x080002b7   Thumb Code     0  startup_stm32f746xx.o(.text)
    EXTI2_IRQHandler                         0x080002b7   Thumb Code     0  startup_stm32f746xx.o(.text)
    EXTI3_IRQHandler                         0x080002b7   Thumb Code     0  startup_stm32f746xx.o(.text)
    EXTI4_IRQHandler                         0x080002b7   Thumb Code     0  startup_stm32f746xx.o(.text)
    EXTI9_5_IRQHandler                       0x080002b7   Thumb Code     0  startup_stm32f746xx.o(.text)
    FLASH_IRQHandler                         0x080002b7   Thumb Code     0  startup_stm32f746xx.o(.text)
    FMC_IRQHandler                           0x080002b7   Thumb Code     0  startup_stm32f746xx.o(.text)
    FPU_IRQHandler                           0x080002b7   Thumb Code     0  startup_stm32f746xx.o(.text)
    I2C1_ER_IRQHandler                       0x080002b7   Thumb Code     0  startup_stm32f746xx.o(.text)
    I2C1_EV_IRQHandler                       0x080002b7   Thumb Code     0  startup_stm32f746xx.o(.text)
    I2C2_ER_IRQHandler                       0x080002b7   Thumb Code     0  startup_stm32f746xx.o(.text)
    I2C2_EV_IRQHandler                       0x080002b7   Thumb Code     0  startup_stm32f746xx.o(.text)
    I2C3_ER_IRQHandler                       0x080002b7   Thumb Code     0  startup_stm32f746xx.o(.text)
    I2C3_EV_IRQHandler                       0x080002b7   Thumb Code     0  startup_stm32f746xx.o(.text)
    I2C4_ER_IRQHandler                       0x080002b7   Thumb Code     0  startup_stm32f746xx.o(.text)
    I2C4_EV_IRQHandler                       0x080002b7   Thumb Code     0  startup_stm32f746xx.o(.text)
    LPTIM1_IRQHandler                        0x080002b7   Thumb Code     0  startup_stm32f746xx.o(.text)
    LTDC_ER_IRQHandler                       0x080002b7   Thumb Code     0  startup_stm32f746xx.o(.text)
    LTDC_IRQHandler                          0x080002b7   Thumb Code     0  startup_stm32f746xx.o(.text)
    OTG_FS_IRQHandler                        0x080002b7   Thumb Code     0  startup_stm32f746xx.o(.text)
    OTG_FS_WKUP_IRQHandler                   0x080002b7   Thumb Code     0  startup_stm32f746xx.o(.text)
    OTG_HS_EP1_IN_IRQHandler                 0x080002b7   Thumb Code     0  startup_stm32f746xx.o(.text)
    OTG_HS_EP1_OUT_IRQHandler                0x080002b7   Thumb Code     0  startup_stm32f746xx.o(.text)
    OTG_HS_IRQHandler                        0x080002b7   Thumb Code     0  startup_stm32f746xx.o(.text)
    OTG_HS_WKUP_IRQHandler                   0x080002b7   Thumb Code     0  startup_stm32f746xx.o(.text)
    PVD_IRQHandler                           0x080002b7   Thumb Code     0  startup_stm32f746xx.o(.text)
    QUADSPI_IRQHandler                       0x080002b7   Thumb Code     0  startup_stm32f746xx.o(.text)
    RCC_IRQHandler                           0x080002b7   Thumb Code     0  startup_stm32f746xx.o(.text)
    RNG_IRQHandler                           0x080002b7   Thumb Code     0  startup_stm32f746xx.o(.text)
    RTC_Alarm_IRQHandler                     0x080002b7   Thumb Code     0  startup_stm32f746xx.o(.text)
    RTC_WKUP_IRQHandler                      0x080002b7   Thumb Code     0  startup_stm32f746xx.o(.text)
    SAI1_IRQHandler                          0x080002b7   Thumb Code     0  startup_stm32f746xx.o(.text)
    SAI2_IRQHandler                          0x080002b7   Thumb Code     0  startup_stm32f746xx.o(.text)
    SDMMC1_IRQHandler                        0x080002b7   Thumb Code     0  startup_stm32f746xx.o(.text)
    SPDIF_RX_IRQHandler                      0x080002b7   Thumb Code     0  startup_stm32f746xx.o(.text)
    SPI1_IRQHandler                          0x080002b7   Thumb Code     0  startup_stm32f746xx.o(.text)
    SPI2_IRQHandler                          0x080002b7   Thumb Code     0  startup_stm32f746xx.o(.text)
    SPI3_IRQHandler                          0x080002b7   Thumb Code     0  startup_stm32f746xx.o(.text)
    SPI4_IRQHandler                          0x080002b7   Thumb Code     0  startup_stm32f746xx.o(.text)
    SPI5_IRQHandler                          0x080002b7   Thumb Code     0  startup_stm32f746xx.o(.text)
    SPI6_IRQHandler                          0x080002b7   Thumb Code     0  startup_stm32f746xx.o(.text)
    TAMP_STAMP_IRQHandler                    0x080002b7   Thumb Code     0  startup_stm32f746xx.o(.text)
    TIM1_BRK_TIM9_IRQHandler                 0x080002b7   Thumb Code     0  startup_stm32f746xx.o(.text)
    TIM1_CC_IRQHandler                       0x080002b7   Thumb Code     0  startup_stm32f746xx.o(.text)
    TIM1_TRG_COM_TIM11_IRQHandler            0x080002b7   Thumb Code     0  startup_stm32f746xx.o(.text)
    TIM1_UP_TIM10_IRQHandler                 0x080002b7   Thumb Code     0  startup_stm32f746xx.o(.text)
    TIM2_IRQHandler                          0x080002b7   Thumb Code     0  startup_stm32f746xx.o(.text)
    TIM3_IRQHandler                          0x080002b7   Thumb Code     0  startup_stm32f746xx.o(.text)
    TIM4_IRQHandler                          0x080002b7   Thumb Code     0  startup_stm32f746xx.o(.text)
    TIM5_IRQHandler                          0x080002b7   Thumb Code     0  startup_stm32f746xx.o(.text)
    TIM6_DAC_IRQHandler                      0x080002b7   Thumb Code     0  startup_stm32f746xx.o(.text)
    TIM7_IRQHandler                          0x080002b7   Thumb Code     0  startup_stm32f746xx.o(.text)
    TIM8_BRK_TIM12_IRQHandler                0x080002b7   Thumb Code     0  startup_stm32f746xx.o(.text)
    TIM8_CC_IRQHandler                       0x080002b7   Thumb Code     0  startup_stm32f746xx.o(.text)
    TIM8_TRG_COM_TIM14_IRQHandler            0x080002b7   Thumb Code     0  startup_stm32f746xx.o(.text)
    TIM8_UP_TIM13_IRQHandler                 0x080002b7   Thumb Code     0  startup_stm32f746xx.o(.text)
    UART4_IRQHandler                         0x080002b7   Thumb Code     0  startup_stm32f746xx.o(.text)
    UART5_IRQHandler                         0x080002b7   Thumb Code     0  startup_stm32f746xx.o(.text)
    UART7_IRQHandler                         0x080002b7   Thumb Code     0  startup_stm32f746xx.o(.text)
    UART8_IRQHandler                         0x080002b7   Thumb Code     0  startup_stm32f746xx.o(.text)
    USART1_IRQHandler                        0x080002b7   Thumb Code     0  startup_stm32f746xx.o(.text)
    USART2_IRQHandler                        0x080002b7   Thumb Code     0  startup_stm32f746xx.o(.text)
    USART3_IRQHandler                        0x080002b7   Thumb Code     0  startup_stm32f746xx.o(.text)
    USART6_IRQHandler                        0x080002b7   Thumb Code     0  startup_stm32f746xx.o(.text)
    WWDG_IRQHandler                          0x080002b7   Thumb Code     0  startup_stm32f746xx.o(.text)
    __user_initial_stackheap                 0x080002b9   Thumb Code     0  startup_stm32f746xx.o(.text)
    SVC_Handler                              0x080002dd   Thumb Code   154  irq_armv7m.o(.text)
    PendSV_Handler                           0x08000377   Thumb Code    16  irq_armv7m.o(.text)
    SysTick_Handler                          0x08000387   Thumb Code    16  irq_armv7m.o(.text)
    __aeabi_uldivmod                         0x080003a5   Thumb Code     0  lludivv7m.o(.text)
    _ll_udiv                                 0x080003a5   Thumb Code   240  lludivv7m.o(.text)
    __aeabi_memcpy                           0x08000495   Thumb Code     0  rt_memcpy_v6.o(.text)
    __rt_memcpy                              0x08000495   Thumb Code   138  rt_memcpy_v6.o(.text)
    _memcpy_lastbytes                        0x080004fb   Thumb Code     0  rt_memcpy_v6.o(.text)
    __aeabi_memclr                           0x0800051f   Thumb Code     0  rt_memclr.o(.text)
    __rt_memclr                              0x0800051f   Thumb Code     0  rt_memclr.o(.text)
    _memset                                  0x08000523   Thumb Code    64  rt_memclr.o(.text)
    __aeabi_memclr4                          0x08000563   Thumb Code     0  rt_memclr_w.o(.text)
    __aeabi_memclr8                          0x08000563   Thumb Code     0  rt_memclr_w.o(.text)
    __rt_memclr_w                            0x08000563   Thumb Code     0  rt_memclr_w.o(.text)
    _memset_w                                0x08000567   Thumb Code    74  rt_memclr_w.o(.text)
    __use_two_region_memory                  0x080005b1   Thumb Code     2  heapauxi.o(.text)
    __rt_heap_escrow$2region                 0x080005b3   Thumb Code     2  heapauxi.o(.text)
    __rt_heap_expand$2region                 0x080005b5   Thumb Code     2  heapauxi.o(.text)
    __aeabi_memcpy4                          0x080005b7   Thumb Code     0  rt_memcpy_w.o(.text)
    __aeabi_memcpy8                          0x080005b7   Thumb Code     0  rt_memcpy_w.o(.text)
    __rt_memcpy_w                            0x080005b7   Thumb Code   100  rt_memcpy_w.o(.text)
    _memcpy_lastbytes_aligned                0x080005ff   Thumb Code     0  rt_memcpy_w.o(.text)
    __user_setup_stackheap                   0x0800061b   Thumb Code    74  sys_stackheap_outer.o(.text)
    exit                                     0x08000665   Thumb Code    18  exit.o(.text)
    __user_libspace                          0x08000679   Thumb Code     8  libspace.o(.text)
    __user_perproc_libspace                  0x08000679   Thumb Code     0  libspace.o(.text)
    _sys_exit                                0x08000681   Thumb Code     8  sys_exit.o(.text)
    __I$use$semihosting                      0x0800068d   Thumb Code     0  use_no_semi.o(.text)
    __use_no_semihosting_swi                 0x0800068d   Thumb Code     2  use_no_semi.o(.text)
    __semihosting_library_function           0x0800068f   Thumb Code     0  indicate_semi.o(.text)
    _fp_init                                 0x08000691   Thumb Code    22  rtx_lib.o(.text.$Sub$$_fp_init)
    ButtonThread                             0x080006a9   Thumb Code    62  button_thread.o(.text.ButtonThread)
    Buttons_GetState                         0x080006e9   Thumb Code    46  buttons_746g_discovery.o(.text.Buttons_GetState)
    Buttons_Initialize                       0x08000719   Thumb Code    68  buttons_746g_discovery.o(.text.Buttons_Initialize)
    EventRecord2                             0x080008e9   Thumb Code    90  eventrecorder.o(.text.EventRecord2)
    EventRecordData                          0x08000949   Thumb Code   388  eventrecorder.o(.text.EventRecordData)
    EventRecorderEnable                      0x08000bd1   Thumb Code   146  eventrecorder.o(.text.EventRecorderEnable)
    EventRecorderInitialize                  0x08000c69   Thumb Code   454  eventrecorder.o(.text.EventRecorderInitialize)
    EventRecorderStart                       0x08000e31   Thumb Code    74  eventrecorder.o(.text.EventRecorderStart)
    EventRecorderTimerGetCount               0x08000e81   Thumb Code    12  eventrecorder.o(.text.EventRecorderTimerGetCount)
    EventRecorderTimerSetup                  0x08000e91   Thumb Code    36  eventrecorder.o(.text.EventRecorderTimerSetup)
    HAL_GPIO_Init                            0x08000ee9   Thumb Code  1004  stm32f7xx_hal_gpio.o(.text.HAL_GPIO_Init)
    HAL_GPIO_ReadPin                         0x080012d9   Thumb Code    46  stm32f7xx_hal_gpio.o(.text.HAL_GPIO_ReadPin)
    HAL_GPIO_WritePin                        0x08001309   Thumb Code    46  stm32f7xx_hal_gpio.o(.text.HAL_GPIO_WritePin)
    HAL_GetTick                              0x08001339   Thumb Code   102  main.o(.text.HAL_GetTick)
    HAL_Init                                 0x080013a1   Thumb Code    46  stm32f7xx_hal.o(.text.HAL_Init)
    HAL_InitTick                             0x080013d1   Thumb Code    10  main.o(.text.HAL_InitTick)
    HAL_MPU_ConfigRegion                     0x080013e1   Thumb Code   158  stm32f7xx_hal_cortex.o(.text.HAL_MPU_ConfigRegion)
    HAL_MPU_Disable                          0x08001481   Thumb Code    34  stm32f7xx_hal_cortex.o(.text.HAL_MPU_Disable)
    HAL_MPU_Enable                           0x080014a9   Thumb Code    48  stm32f7xx_hal_cortex.o(.text.HAL_MPU_Enable)
    HAL_MspInit                              0x080014d9   Thumb Code     2  stm32f7xx_hal.o(.text.HAL_MspInit)
    HAL_NVIC_SetPriorityGrouping             0x080014e1   Thumb Code    16  stm32f7xx_hal_cortex.o(.text.HAL_NVIC_SetPriorityGrouping)
    HAL_PWREx_EnableOverDrive                0x080014f1   Thumb Code   198  stm32f7xx_hal_pwr_ex.o(.text.HAL_PWREx_EnableOverDrive)
    HAL_RCC_ClockConfig                      0x080015b9   Thumb Code   620  stm32f7xx_hal_rcc.o(.text.HAL_RCC_ClockConfig)
    HAL_RCC_GetSysClockFreq                  0x08001829   Thumb Code   230  stm32f7xx_hal_rcc.o(.text.HAL_RCC_GetSysClockFreq)
    HAL_RCC_OscConfig                        0x08001911   Thumb Code  1816  stm32f7xx_hal_rcc.o(.text.HAL_RCC_OscConfig)
    Init_ButtonThread                        0x08002059   Thumb Code    58  button_thread.o(.text.Init_ButtonThread)
    Init_LEDThread                           0x08002099   Thumb Code    58  led_thread.o(.text.Init_LEDThread)
    LEDThread                                0x080020d9   Thumb Code    76  led_thread.o(.text.LEDThread)
    LED_Initialize                           0x08002129   Thumb Code    70  led_746g_discovery.o(.text.LED_Initialize)
    LED_Off                                  0x08002171   Thumb Code    58  led_746g_discovery.o(.text.LED_Off)
    LED_On                                   0x080021b1   Thumb Code    58  led_746g_discovery.o(.text.LED_On)
    MyFunction                               0x08002349   Thumb Code    70  main.o(.text.MyFunction)
    OS_Tick_AcknowledgeIRQ                   0x08002391   Thumb Code     8  os_systick.o(.text.OS_Tick_AcknowledgeIRQ)
    OS_Tick_Enable                           0x08002399   Thumb Code    32  os_systick.o(.text.OS_Tick_Enable)
    OS_Tick_GetIRQn                          0x080023bd   Thumb Code     6  os_systick.o(.text.OS_Tick_GetIRQn)
    OS_Tick_Setup                            0x080023c5   Thumb Code    48  os_systick.o(.text.OS_Tick_Setup)
    SystemCoreClockUpdate                    0x080024a9   Thumb Code   302  system_stm32f7xx.o(.text.SystemCoreClockUpdate)
    SystemInit                               0x080025d9   Thumb Code    18  system_stm32f7xx.o(.text.SystemInit)
    _mutex_acquire                           0x08002749   Thumb Code    32  rtx_lib.o(.text._mutex_acquire)
    _mutex_free                              0x08002769   Thumb Code    18  rtx_lib.o(.text._mutex_free)
    _mutex_initialize                        0x08002781   Thumb Code    50  rtx_lib.o(.text._mutex_initialize)
    _mutex_release                           0x080027b9   Thumb Code    28  rtx_lib.o(.text._mutex_release)
    _platform_post_stackheap_init            0x080027d9   Thumb Code     8  rtx_lib.o(.text._platform_post_stackheap_init)
    main                                     0x080028f9   Thumb Code    90  main.o(.text.main)
    osDelay                                  0x08002955   Thumb Code    32  rtx_delay.o(.text.osDelay)
    osKernelGetState                         0x08002979   Thumb Code    40  rtx_kernel.o(.text.osKernelGetState)
    osKernelGetTickCount                     0x080029a5   Thumb Code    32  rtx_kernel.o(.text.osKernelGetTickCount)
    osKernelInitialize                       0x080029cd   Thumb Code    40  rtx_kernel.o(.text.osKernelInitialize)
    osKernelStart                            0x080029f9   Thumb Code    32  rtx_kernel.o(.text.osKernelStart)
    osMessageQueueGet                        0x08002a1d   Thumb Code   108  rtx_msgqueue.o(.text.osMessageQueueGet)
    osMessageQueuePut                        0x08002a8d   Thumb Code   124  rtx_msgqueue.o(.text.osMessageQueuePut)
    osMutexAcquire                           0x08002b0d   Thumb Code    32  rtx_mutex.o(.text.osMutexAcquire)
    osMutexDelete                            0x08002b31   Thumb Code    32  rtx_mutex.o(.text.osMutexDelete)
    osMutexNew                               0x08002b55   Thumb Code    32  rtx_mutex.o(.text.osMutexNew)
    osMutexRelease                           0x08002b79   Thumb Code    32  rtx_mutex.o(.text.osMutexRelease)
    osRtxErrorNotify                         0x08002ba1   Thumb Code    46  rtx_config.o(.text.osRtxErrorNotify)
    osRtxIdleThread                          0x08002bd1   Thumb Code     8  rtx_config.o(.text.osRtxIdleThread)
    osRtxKernelErrorNotify                   0x08002bd9   Thumb Code     4  rtx_kernel.o(.text.osRtxKernelErrorNotify)
    osRtxKernelPreInit                       0x08002bdd   Thumb Code     2  rtx_kernel.o(.text.osRtxKernelPreInit)
    osRtxMemoryAlloc                         0x08002bdf   Thumb Code   108  rtx_memory.o(.text.osRtxMemoryAlloc)
    osRtxMemoryFree                          0x08002c4b   Thumb Code    66  rtx_memory.o(.text.osRtxMemoryFree)
    osRtxMemoryInit                          0x08002c8d   Thumb Code    54  rtx_memory.o(.text.osRtxMemoryInit)
    osRtxMemoryPoolAlloc                     0x08002cc3   Thumb Code    58  rtx_mempool.o(.text.osRtxMemoryPoolAlloc)
    osRtxMemoryPoolFree                      0x08002cfd   Thumb Code    74  rtx_mempool.o(.text.osRtxMemoryPoolFree)
    osRtxMemoryPoolInit                      0x08002d47   Thumb Code    56  rtx_mempool.o(.text.osRtxMemoryPoolInit)
    osRtxMessageQueueTimerSetup              0x08002e29   Thumb Code    32  rtx_msgqueue.o(.text.osRtxMessageQueueTimerSetup)
    osRtxMutexOwnerRelease                   0x08002e4d   Thumb Code    72  rtx_mutex.o(.text.osRtxMutexOwnerRelease)
    osRtxMutexOwnerRestore                   0x08002e95   Thumb Code    72  rtx_mutex.o(.text.osRtxMutexOwnerRestore)
    osRtxPendSV_Handler                      0x08002edd   Thumb Code   136  rtx_system.o(.text.osRtxPendSV_Handler)
    osRtxPostProcess                         0x08002f65   Thumb Code   108  rtx_system.o(.text.osRtxPostProcess)
    osRtxThreadDelayTick                     0x080030c1   Thumb Code    80  rtx_thread.o(.text.osRtxThreadDelayTick)
    osRtxThreadDispatch                      0x08003131   Thumb Code    80  rtx_thread.o(.text.osRtxThreadDispatch)
    osRtxThreadListGet                       0x080031f7   Thumb Code    18  rtx_thread.o(.text.osRtxThreadListGet)
    osRtxThreadListPut                       0x08003209   Thumb Code    44  rtx_thread.o(.text.osRtxThreadListPut)
    osRtxThreadListRemove                    0x08003235   Thumb Code    20  rtx_thread.o(.text.osRtxThreadListRemove)
    osRtxThreadListSort                      0x08003249   Thumb Code    38  rtx_thread.o(.text.osRtxThreadListSort)
    osRtxThreadReadyPut                      0x08003299   Thumb Code    16  rtx_thread.o(.text.osRtxThreadReadyPut)
    osRtxThreadRegPtr                        0x080032ad   Thumb Code    20  rtx_thread.o(.text.osRtxThreadRegPtr)
    osRtxThreadStartup                       0x080032c1   Thumb Code    48  rtx_thread.o(.text.osRtxThreadStartup)
    osRtxThreadSwitch                        0x080032f5   Thumb Code    12  rtx_thread.o(.text.osRtxThreadSwitch)
    osRtxThreadWaitEnter                     0x08003301   Thumb Code    56  rtx_thread.o(.text.osRtxThreadWaitEnter)
    osRtxThreadWaitExit                      0x0800333d   Thumb Code    48  rtx_thread.o(.text.osRtxThreadWaitExit)
    osRtxTick_Handler                        0x0800336d   Thumb Code   116  rtx_system.o(.text.osRtxTick_Handler)
    osRtxTimerSetup                          0x080033e5   Thumb Code    24  rtx_timer.o(.text.osRtxTimerSetup)
    osRtxTimerThread                         0x08003405   Thumb Code    32  rtx_timer.o(.text.osRtxTimerThread)
    osThreadExit                             0x08003495   Thumb Code     8  rtx_thread.o(.text.osThreadExit)
    osThreadNew                              0x080034a1   Thumb Code    32  rtx_thread.o(.text.osThreadNew)
    osThreadYield                            0x080034c5   Thumb Code    32  rtx_thread.o(.text.osThreadYield)
    $Super$$_fp_init                         0x08003e25   Thumb Code    26  fpinit.o(x$fpl$fpinit)
    __fplib_config_fpu_vfp                   0x08003e3d   Thumb Code     0  fpinit.o(x$fpl$fpinit)
    __fplib_config_pureend_doubles           0x08003e3d   Thumb Code     0  fpinit.o(x$fpl$fpinit)
    osRtxConfig                              0x08003e40   Data         112  rtx_lib.o(.rodata)
    os_cb_sections                           0x08003eb0   Data          56  rtx_lib.o(.rodata)
    AHBPrescTable                            0x08003ee8   Data          16  system_stm32f7xx.o(.rodata.AHBPrescTable)
    EventRecorderInfo                        0x08003ef8   Data          24  eventrecorder.o(.rodata.EventRecorderInfo)
    osRtxUserSVC                             0x08003f18   Data           4  rtx_lib.o(.rodata.osRtxUserSVC)
    Region$$Table$$Base                      0x08003f98   Number         0  anon$$obj.o(Region$$Table)
    Region$$Table$$Limit                     0x08003fb8   Number         0  anon$$obj.o(Region$$Table)
    SystemCoreClock                          0x20010000   Data           4  system_stm32f7xx.o(.data.SystemCoreClock)
    osRtxInfo                                0x20010004   Data         164  rtx_kernel.o(.data.os)
    string                                   0x200100a8   Data          10  main.o(.data.string)
    uwTickPrio                               0x200100b4   Data           4  stm32f7xx_hal.o(.data.uwTickPrio)
    __libspace_start                         0x200100c0   Data          96  libspace.o(.bss)
    __temporary_stack_top$libspace           0x20010120   Data           0  libspace.o(.bss)
    .bss.os.msgqueue.cb$$Base                0x2001862c   Number         0  rtx_lib.o(.bss.os.msgqueue.cb)
    .bss.os.msgqueue.cb$$Limit               0x20018660   Number         0  rtx_lib.o(.bss.os.msgqueue.cb)
    .bss.os.thread.cb$$Base                  0x200186b0   Number         0  rtx_lib.o(.bss.os.thread.cb)
    .bss.os.thread.cb$$Limit                 0x20018738   Number         0  rtx_lib.o(.bss.os.thread.cb)
    some_error                               0x20018b3c   Data           4  main.o(.bss.some_error)
    tid_ButtonThread                         0x20018b40   Data           4  button_thread.o(.bss.tid_ButtonThread)
    tid_Thread                               0x20018b44   Data           4  led_thread.o(.bss.tid_Thread)



==============================================================================

Memory Map of the image

  Image Entry point : 0x080001c9

  Load Region LR_IROM1 (Base: 0x08000000, Size: 0x00004080, Max: 0x00100000, ABSOLUTE)

    Execution Region ER_IROM1 (Exec base: 0x08000000, Load base: 0x08000000, Size: 0x00003fb8, Max: 0x00100000, ABSOLUTE)

    Exec Addr    Load Addr    Size         Type   Attr      Idx    E Section Name        Object

    0x08000000   0x08000000   0x000001c8   Data   RO          528    RESET               startup_stm32f746xx.o
    0x080001c8   0x080001c8   0x00000008   Code   RO         1049  * !!!main             c_w.l(__main.o)
    0x080001d0   0x080001d0   0x0000005c   Code   RO         1224    !!!scatter          c_w.l(__scatter.o)
    0x0800022c   0x0800022c   0x0000001a   Code   RO         1228    !!handler_copy      c_w.l(__scatter_copy.o)
    0x08000246   0x08000246   0x00000002   PAD
    0x08000248   0x08000248   0x00000002   Code   RO         1225    !!handler_null      c_w.l(__scatter.o)
    0x0800024a   0x0800024a   0x00000002   PAD
    0x0800024c   0x0800024c   0x0000001c   Code   RO         1230    !!handler_zi        c_w.l(__scatter_zi.o)
    0x08000268   0x08000268   0x00000002   Code   RO         1088    .ARM.Collect$$libinit$$00000000  c_w.l(libinit.o)
    0x0800026a   0x0800026a   0x00000004   Code   RO         1100    .ARM.Collect$$libinit$$00000001  c_w.l(libinit2.o)
    0x0800026e   0x0800026e   0x00000000   Code   RO         1103    .ARM.Collect$$libinit$$00000004  c_w.l(libinit2.o)
    0x0800026e   0x0800026e   0x00000000   Code   RO         1105    .ARM.Collect$$libinit$$00000006  c_w.l(libinit2.o)
    0x0800026e   0x0800026e   0x00000000   Code   RO         1108    .ARM.Collect$$libinit$$0000000C  c_w.l(libinit2.o)
    0x0800026e   0x0800026e   0x00000000   Code   RO         1110    .ARM.Collect$$libinit$$0000000E  c_w.l(libinit2.o)
    0x0800026e   0x0800026e   0x00000000   Code   RO         1112    .ARM.Collect$$libinit$$00000010  c_w.l(libinit2.o)
    0x0800026e   0x0800026e   0x00000000   Code   RO         1115    .ARM.Collect$$libinit$$00000013  c_w.l(libinit2.o)
    0x0800026e   0x0800026e   0x00000000   Code   RO         1117    .ARM.Collect$$libinit$$00000015  c_w.l(libinit2.o)
    0x0800026e   0x0800026e   0x00000000   Code   RO         1119    .ARM.Collect$$libinit$$00000017  c_w.l(libinit2.o)
    0x0800026e   0x0800026e   0x00000000   Code   RO         1121    .ARM.Collect$$libinit$$00000019  c_w.l(libinit2.o)
    0x0800026e   0x0800026e   0x00000000   Code   RO         1123    .ARM.Collect$$libinit$$0000001B  c_w.l(libinit2.o)
    0x0800026e   0x0800026e   0x00000000   Code   RO         1125    .ARM.Collect$$libinit$$0000001D  c_w.l(libinit2.o)
    0x0800026e   0x0800026e   0x00000000   Code   RO         1127    .ARM.Collect$$libinit$$0000001F  c_w.l(libinit2.o)
    0x0800026e   0x0800026e   0x00000000   Code   RO         1129    .ARM.Collect$$libinit$$00000021  c_w.l(libinit2.o)
    0x0800026e   0x0800026e   0x00000000   Code   RO         1131    .ARM.Collect$$libinit$$00000023  c_w.l(libinit2.o)
    0x0800026e   0x0800026e   0x00000000   Code   RO         1133    .ARM.Collect$$libinit$$00000025  c_w.l(libinit2.o)
    0x0800026e   0x0800026e   0x00000000   Code   RO         1135    .ARM.Collect$$libinit$$00000027  c_w.l(libinit2.o)
    0x0800026e   0x0800026e   0x00000000   Code   RO         1139    .ARM.Collect$$libinit$$0000002E  c_w.l(libinit2.o)
    0x0800026e   0x0800026e   0x00000000   Code   RO         1141    .ARM.Collect$$libinit$$00000030  c_w.l(libinit2.o)
    0x0800026e   0x0800026e   0x00000000   Code   RO         1143    .ARM.Collect$$libinit$$00000032  c_w.l(libinit2.o)
    0x0800026e   0x0800026e   0x00000000   Code   RO         1145    .ARM.Collect$$libinit$$00000034  c_w.l(libinit2.o)
    0x0800026e   0x0800026e   0x00000002   Code   RO         1146    .ARM.Collect$$libinit$$00000035  c_w.l(libinit2.o)
    0x08000270   0x08000270   0x00000002   Code   RO         1179    .ARM.Collect$$libshutdown$$00000000  c_w.l(libshutdown.o)
    0x08000272   0x08000272   0x00000000   Code   RO         1207    .ARM.Collect$$libshutdown$$00000002  c_w.l(libshutdown2.o)
    0x08000272   0x08000272   0x00000000   Code   RO         1209    .ARM.Collect$$libshutdown$$00000004  c_w.l(libshutdown2.o)
    0x08000272   0x08000272   0x00000000   Code   RO         1212    .ARM.Collect$$libshutdown$$00000007  c_w.l(libshutdown2.o)
    0x08000272   0x08000272   0x00000000   Code   RO         1215    .ARM.Collect$$libshutdown$$0000000A  c_w.l(libshutdown2.o)
    0x08000272   0x08000272   0x00000000   Code   RO         1217    .ARM.Collect$$libshutdown$$0000000C  c_w.l(libshutdown2.o)
    0x08000272   0x08000272   0x00000000   Code   RO         1220    .ARM.Collect$$libshutdown$$0000000F  c_w.l(libshutdown2.o)
    0x08000272   0x08000272   0x00000002   Code   RO         1221    .ARM.Collect$$libshutdown$$00000010  c_w.l(libshutdown2.o)
    0x08000274   0x08000274   0x00000000   Code   RO         1053    .ARM.Collect$$rtentry$$00000000  c_w.l(__rtentry.o)
    0x08000274   0x08000274   0x00000000   Code   RO         1061    .ARM.Collect$$rtentry$$00000002  c_w.l(__rtentry2.o)
    0x08000274   0x08000274   0x00000006   Code   RO         1073    .ARM.Collect$$rtentry$$00000004  c_w.l(__rtentry4.o)
    0x0800027a   0x0800027a   0x00000008   Code   RO         1062    .ARM.Collect$$rtentry$$00000008  c_w.l(__rtentry2.o)
    0x08000282   0x08000282   0x00000004   Code   RO         1064    .ARM.Collect$$rtentry$$0000000A  c_w.l(__rtentry2.o)
    0x08000286   0x08000286   0x00000000   Code   RO         1066    .ARM.Collect$$rtentry$$0000000C  c_w.l(__rtentry2.o)
    0x08000286   0x08000286   0x00000008   Code   RO         1067    .ARM.Collect$$rtentry$$0000000D  c_w.l(__rtentry2.o)
    0x0800028e   0x0800028e   0x00000002   Code   RO         1092    .ARM.Collect$$rtexit$$00000000  c_w.l(rtexit.o)
    0x08000290   0x08000290   0x00000000   Code   RO         1152    .ARM.Collect$$rtexit$$00000002  c_w.l(rtexit2.o)
    0x08000290   0x08000290   0x00000004   Code   RO         1153    .ARM.Collect$$rtexit$$00000003  c_w.l(rtexit2.o)
    0x08000294   0x08000294   0x00000006   Code   RO         1154    .ARM.Collect$$rtexit$$00000004  c_w.l(rtexit2.o)
    0x0800029a   0x0800029a   0x00000002   PAD
    0x0800029c   0x0800029c   0x00000040   Code   RO          529    .text               startup_stm32f746xx.o
    0x080002dc   0x080002dc   0x000000c8   Code   RO          859    .text               RTX_CM4F.lib(irq_armv7m.o)
    0x080003a4   0x080003a4   0x000000f0   Code   RO         1037    .text               c_w.l(lludivv7m.o)
    0x08000494   0x08000494   0x0000008a   Code   RO         1039    .text               c_w.l(rt_memcpy_v6.o)
    0x0800051e   0x0800051e   0x00000044   Code   RO         1041    .text               c_w.l(rt_memclr.o)
    0x08000562   0x08000562   0x0000004e   Code   RO         1043    .text               c_w.l(rt_memclr_w.o)
    0x080005b0   0x080005b0   0x00000006   Code   RO         1047    .text               c_w.l(heapauxi.o)
    0x080005b6   0x080005b6   0x00000064   Code   RO         1058    .text               c_w.l(rt_memcpy_w.o)
    0x0800061a   0x0800061a   0x0000004a   Code   RO         1077    .text               c_w.l(sys_stackheap_outer.o)
    0x08000664   0x08000664   0x00000012   Code   RO         1079    .text               c_w.l(exit.o)
    0x08000676   0x08000676   0x00000002   PAD
    0x08000678   0x08000678   0x00000008   Code   RO         1089    .text               c_w.l(libspace.o)
    0x08000680   0x08000680   0x0000000c   Code   RO         1147    .text               c_w.l(sys_exit.o)
    0x0800068c   0x0800068c   0x00000002   Code   RO         1168    .text               c_w.l(use_no_semi.o)
    0x0800068e   0x0800068e   0x00000000   Code   RO         1170    .text               c_w.l(indicate_semi.o)
    0x0800068e   0x0800068e   0x00000002   PAD
    0x08000690   0x08000690   0x00000016   Code   RO           91    .text.$Sub$$_fp_init  rtx_lib.o
    0x080006a6   0x080006a6   0x00000002   PAD
    0x080006a8   0x080006a8   0x0000003e   Code   RO           31    .text.ButtonThread  button_thread.o
    0x080006e6   0x080006e6   0x00000002   PAD
    0x080006e8   0x080006e8   0x0000002e   Code   RO           58    .text.Buttons_GetState  buttons_746g_discovery.o
    0x08000716   0x08000716   0x00000002   PAD
    0x08000718   0x08000718   0x00000044   Code   RO           54    .text.Buttons_Initialize  buttons_746g_discovery.o
    0x0800075c   0x0800075c   0x00000004   PAD
    0x08000760   0x08000760   0x000000de   Code   RO           12    .text.CPU_CACHE_Enable  main.o
    0x0800083e   0x0800083e   0x00000002   PAD
    0x08000840   0x08000840   0x00000004   Code   RO           16    .text.Error_Handler  main.o
    0x08000844   0x08000844   0x00000004   PAD
    0x08000848   0x08000848   0x0000003c   Code   RO          164    .text.EventCheckFilter  eventrecorder.o
    0x08000884   0x08000884   0x00000004   PAD
    0x08000888   0x08000888   0x0000005a   Code   RO          150    .text.EventGetTS    eventrecorder.o
    0x080008e2   0x080008e2   0x00000006   PAD
    0x080008e8   0x080008e8   0x0000005a   Code   RO          168    .text.EventRecord2  eventrecorder.o
    0x08000942   0x08000942   0x00000006   PAD
    0x08000948   0x08000948   0x00000184   Code   RO          162    .text.EventRecordData  eventrecorder.o
    0x08000acc   0x08000acc   0x00000004   PAD
    0x08000ad0   0x08000ad0   0x000000fe   Code   RO          152    .text.EventRecordItem  eventrecorder.o
    0x08000bce   0x08000bce   0x00000002   PAD
    0x08000bd0   0x08000bd0   0x00000092   Code   RO          148    .text.EventRecorderEnable  eventrecorder.o
    0x08000c62   0x08000c62   0x00000006   PAD
    0x08000c68   0x08000c68   0x000001c6   Code   RO          144    .text.EventRecorderInitialize  eventrecorder.o
    0x08000e2e   0x08000e2e   0x00000002   PAD
    0x08000e30   0x08000e30   0x0000004a   Code   RO          154    .text.EventRecorderStart  eventrecorder.o
    0x08000e7a   0x08000e7a   0x00000006   PAD
    0x08000e80   0x08000e80   0x0000000c   Code   RO          142    .text.EventRecorderTimerGetCount  eventrecorder.o
    0x08000e8c   0x08000e8c   0x00000004   PAD
    0x08000e90   0x08000e90   0x00000024   Code   RO          138    .text.EventRecorderTimerSetup  eventrecorder.o
    0x08000eb4   0x08000eb4   0x00000004   PAD
    0x08000eb8   0x08000eb8   0x00000012   Code   RO          166    .text.GetContext    eventrecorder.o
    0x08000eca   0x08000eca   0x00000006   PAD
    0x08000ed0   0x08000ed0   0x00000012   Code   RO          182    .text.GetRecordIndex  eventrecorder.o
    0x08000ee2   0x08000ee2   0x00000006   PAD
    0x08000ee8   0x08000ee8   0x000003ec   Code   RO          374    .text.HAL_GPIO_Init  stm32f7xx_hal_gpio.o
    0x080012d4   0x080012d4   0x00000004   PAD
    0x080012d8   0x080012d8   0x0000002e   Code   RO          378    .text.HAL_GPIO_ReadPin  stm32f7xx_hal_gpio.o
    0x08001306   0x08001306   0x00000002   PAD
    0x08001308   0x08001308   0x0000002e   Code   RO          380    .text.HAL_GPIO_WritePin  stm32f7xx_hal_gpio.o
    0x08001336   0x08001336   0x00000002   PAD
    0x08001338   0x08001338   0x00000066   Code   RO            2    .text.HAL_GetTick   main.o
    0x0800139e   0x0800139e   0x00000002   PAD
    0x080013a0   0x080013a0   0x0000002e   Code   RO          235    .text.HAL_Init      stm32f7xx_hal.o
    0x080013ce   0x080013ce   0x00000002   PAD
    0x080013d0   0x080013d0   0x0000000a   Code   RO            4    .text.HAL_InitTick  main.o
    0x080013da   0x080013da   0x00000006   PAD
    0x080013e0   0x080013e0   0x0000009e   Code   RO          335    .text.HAL_MPU_ConfigRegion  stm32f7xx_hal_cortex.o
    0x0800147e   0x0800147e   0x00000002   PAD
    0x08001480   0x08001480   0x00000022   Code   RO          331    .text.HAL_MPU_Disable  stm32f7xx_hal_cortex.o
    0x080014a2   0x080014a2   0x00000006   PAD
    0x080014a8   0x080014a8   0x00000030   Code   RO          333    .text.HAL_MPU_Enable  stm32f7xx_hal_cortex.o
    0x080014d8   0x080014d8   0x00000002   Code   RO          239    .text.HAL_MspInit   stm32f7xx_hal.o
    0x080014da   0x080014da   0x00000006   PAD
    0x080014e0   0x080014e0   0x00000010   Code   RO          303    .text.HAL_NVIC_SetPriorityGrouping  stm32f7xx_hal_cortex.o
    0x080014f0   0x080014f0   0x000000c6   Code   RO          454    .text.HAL_PWREx_EnableOverDrive  stm32f7xx_hal_pwr_ex.o
    0x080015b6   0x080015b6   0x00000002   PAD
    0x080015b8   0x080015b8   0x0000026c   Code   RO          475    .text.HAL_RCC_ClockConfig  stm32f7xx_hal_rcc.o
    0x08001824   0x08001824   0x00000004   PAD
    0x08001828   0x08001828   0x000000e6   Code   RO          477    .text.HAL_RCC_GetSysClockFreq  stm32f7xx_hal_rcc.o
    0x0800190e   0x0800190e   0x00000002   PAD
    0x08001910   0x08001910   0x00000718   Code   RO          473    .text.HAL_RCC_OscConfig  stm32f7xx_hal_rcc.o
    0x08002028   0x08002028   0x00000012   Code   RO          190    .text.IncrementRecordsDumped  eventrecorder.o
    0x0800203a   0x0800203a   0x00000006   PAD
    0x08002040   0x08002040   0x00000012   Code   RO          188    .text.IncrementRecordsWritten  eventrecorder.o
    0x08002052   0x08002052   0x00000006   PAD
    0x08002058   0x08002058   0x0000003a   Code   RO           29    .text.Init_ButtonThread  button_thread.o
    0x08002092   0x08002092   0x00000006   PAD
    0x08002098   0x08002098   0x0000003a   Code   RO           41    .text.Init_LEDThread  led_thread.o
    0x080020d2   0x080020d2   0x00000006   PAD
    0x080020d8   0x080020d8   0x0000004c   Code   RO           43    .text.LEDThread     led_thread.o
    0x08002124   0x08002124   0x00000004   PAD
    0x08002128   0x08002128   0x00000046   Code   RO           69    .text.LED_Initialize  led_746g_discovery.o
    0x0800216e   0x0800216e   0x00000002   PAD
    0x08002170   0x08002170   0x0000003a   Code   RO           75    .text.LED_Off       led_746g_discovery.o
    0x080021aa   0x080021aa   0x00000006   PAD
    0x080021b0   0x080021b0   0x0000003a   Code   RO           73    .text.LED_On        led_746g_discovery.o
    0x080021ea   0x080021ea   0x00000006   PAD
    0x080021f0   0x080021f0   0x00000036   Code   RO          184    .text.LockRecord    eventrecorder.o
    0x08002226   0x08002226   0x00000002   PAD
    0x08002228   0x08002228   0x00000012   Code   RO          172    .text.LockTS_Overflow  eventrecorder.o
    0x0800223a   0x0800223a   0x00000006   PAD
    0x08002240   0x08002240   0x0000004e   Code   RO           10    .text.MPU_Config    main.o
    0x0800228e   0x0800228e   0x00000040   Code   RO          975    .text.MessageQueueGet  RTX_CM4F.lib(rtx_msgqueue.o)
    0x080022ce   0x080022ce   0x00000058   Code   RO          969    .text.MessageQueuePut  RTX_CM4F.lib(rtx_msgqueue.o)
    0x08002326   0x08002326   0x0000001c   Code   RO          967    .text.MessageQueueRemove  RTX_CM4F.lib(rtx_msgqueue.o)
    0x08002342   0x08002342   0x00000006   PAD
    0x08002348   0x08002348   0x00000046   Code   RO            6    .text.MyFunction    main.o
    0x0800238e   0x0800238e   0x00000002   PAD
    0x08002390   0x08002390   0x00000008   Code   RO         1015    .text.OS_Tick_AcknowledgeIRQ  RTX_CM4F.lib(os_systick.o)
    0x08002398   0x08002398   0x00000024   Code   RO         1011    .text.OS_Tick_Enable  RTX_CM4F.lib(os_systick.o)
    0x080023bc   0x080023bc   0x00000006   Code   RO         1017    .text.OS_Tick_GetIRQn  RTX_CM4F.lib(os_systick.o)
    0x080023c2   0x080023c2   0x00000002   PAD
    0x080023c4   0x080023c4   0x00000040   Code   RO         1009    .text.OS_Tick_Setup  RTX_CM4F.lib(os_systick.o)
    0x08002404   0x08002404   0x0000000c   Code   RO          608    .text.OUTLINED_FUNCTION_0  RTX_CM4F.lib(rtx_kernel.o)
    0x08002410   0x08002410   0x00000006   Code   RO          748    .text.OUTLINED_FUNCTION_0  RTX_CM4F.lib(rtx_thread.o)
    0x08002416   0x08002416   0x0000000c   Code   RO          983    .text.OUTLINED_FUNCTION_0  RTX_CM4F.lib(rtx_msgqueue.o)
    0x08002422   0x08002422   0x00000006   Code   RO          610    .text.OUTLINED_FUNCTION_1  RTX_CM4F.lib(rtx_kernel.o)
    0x08002428   0x08002428   0x00000006   Code   RO          985    .text.OUTLINED_FUNCTION_1  RTX_CM4F.lib(rtx_msgqueue.o)
    0x0800242e   0x0800242e   0x00000002   PAD
    0x08002430   0x08002430   0x00000078   Code   RO           14    .text.SystemClock_Config  main.o
    0x080024a8   0x080024a8   0x0000012e   Code   RO          538    .text.SystemCoreClockUpdate  system_stm32f7xx.o
    0x080025d6   0x080025d6   0x00000002   PAD
    0x080025d8   0x080025d8   0x00000012   Code   RO          536    .text.SystemInit    system_stm32f7xx.o
    0x080025ea   0x080025ea   0x00000064   Code   RO          700    .text.ThreadFlagsCheck  RTX_CM4F.lib(rtx_thread.o)
    0x0800264e   0x0800264e   0x00000002   PAD
    0x08002650   0x08002650   0x00000044   Code   RO          800    .text.TimerInsert   RTX_CM4F.lib(rtx_timer.o)
    0x08002694   0x08002694   0x00000004   PAD
    0x08002698   0x08002698   0x00000032   Code   RO          186    .text.UnlockRecord  eventrecorder.o
    0x080026ca   0x080026ca   0x00000006   PAD
    0x080026d0   0x080026d0   0x00000012   Code   RO          174    .text.UnlockTS_Overflow  eventrecorder.o
    0x080026e2   0x080026e2   0x00000006   PAD
    0x080026e8   0x080026e8   0x0000001a   Code   RO          176    .text.UpdateTS      eventrecorder.o
    0x08002702   0x08002702   0x00000006   PAD
    0x08002708   0x08002708   0x0000003c   Code   RO          305    .text.__NVIC_SetPriorityGrouping  stm32f7xx_hal_cortex.o
    0x08002744   0x08002744   0x00000004   PAD
    0x08002748   0x08002748   0x00000020   Code   RO           99    .text._mutex_acquire  rtx_lib.o
    0x08002768   0x08002768   0x00000012   Code   RO          103    .text._mutex_free   rtx_lib.o
    0x0800277a   0x0800277a   0x00000006   PAD
    0x08002780   0x08002780   0x00000032   Code   RO           97    .text._mutex_initialize  rtx_lib.o
    0x080027b2   0x080027b2   0x00000006   PAD
    0x080027b8   0x080027b8   0x0000001c   Code   RO          101    .text._mutex_release  rtx_lib.o
    0x080027d4   0x080027d4   0x00000004   PAD
    0x080027d8   0x080027d8   0x00000008   Code   RO           89    .text._platform_post_stackheap_init  rtx_lib.o
    0x080027e0   0x080027e0   0x00000020   Code   RO          192    .text.atomic_inc32  eventrecorder.o
    0x08002800   0x08002800   0x00000024   Code   RO          194    .text.atomic_inc8   eventrecorder.o
    0x08002824   0x08002824   0x00000004   PAD
    0x08002828   0x08002828   0x00000020   Code   RO          180    .text.atomic_wr32   eventrecorder.o
    0x08002848   0x08002848   0x00000028   Code   RO          178    .text.atomic_wr8    eventrecorder.o
    0x08002870   0x08002870   0x00000082   Code   RO          146    .text.crc16_ccitt   eventrecorder.o
    0x080028f2   0x080028f2   0x00000006   PAD
    0x080028f8   0x080028f8   0x0000005a   Code   RO            8    .text.main          main.o
    0x08002952   0x08002952   0x00000002   PAD
    0x08002954   0x08002954   0x00000024   Code   RO          766    .text.osDelay       RTX_CM4F.lib(rtx_delay.o)
    0x08002978   0x08002978   0x0000002c   Code   RO          560    .text.osKernelGetState  RTX_CM4F.lib(rtx_kernel.o)
    0x080029a4   0x080029a4   0x00000028   Code   RO          576    .text.osKernelGetTickCount  RTX_CM4F.lib(rtx_kernel.o)
    0x080029cc   0x080029cc   0x0000002c   Code   RO          554    .text.osKernelInitialize  RTX_CM4F.lib(rtx_kernel.o)
    0x080029f8   0x080029f8   0x00000024   Code   RO          564    .text.osKernelStart  RTX_CM4F.lib(rtx_kernel.o)
    0x08002a1c   0x08002a1c   0x00000070   Code   RO          943    .text.osMessageQueueGet  RTX_CM4F.lib(rtx_msgqueue.o)
    0x08002a8c   0x08002a8c   0x00000080   Code   RO          941    .text.osMessageQueuePut  RTX_CM4F.lib(rtx_msgqueue.o)
    0x08002b0c   0x08002b0c   0x00000024   Code   RO          832    .text.osMutexAcquire  RTX_CM4F.lib(rtx_mutex.o)
    0x08002b30   0x08002b30   0x00000024   Code   RO          838    .text.osMutexDelete  RTX_CM4F.lib(rtx_mutex.o)
    0x08002b54   0x08002b54   0x00000024   Code   RO          828    .text.osMutexNew    RTX_CM4F.lib(rtx_mutex.o)
    0x08002b78   0x08002b78   0x00000024   Code   RO          834    .text.osMutexRelease  RTX_CM4F.lib(rtx_mutex.o)
    0x08002b9c   0x08002b9c   0x00000004   PAD
    0x08002ba0   0x08002ba0   0x0000002e   Code   RO          129    .text.osRtxErrorNotify  rtx_config.o
    0x08002bce   0x08002bce   0x00000002   PAD
    0x08002bd0   0x08002bd0   0x00000008   Code   RO          127    .text.osRtxIdleThread  rtx_config.o
    0x08002bd8   0x08002bd8   0x00000004   Code   RO          552    .text.osRtxKernelErrorNotify  RTX_CM4F.lib(rtx_kernel.o)
    0x08002bdc   0x08002bdc   0x00000002   Code   RO          550    .text.osRtxKernelPreInit  RTX_CM4F.lib(rtx_kernel.o)
    0x08002bde   0x08002bde   0x0000006c   Code   RO          869    .text.osRtxMemoryAlloc  RTX_CM4F.lib(rtx_memory.o)
    0x08002c4a   0x08002c4a   0x00000042   Code   RO          871    .text.osRtxMemoryFree  RTX_CM4F.lib(rtx_memory.o)
    0x08002c8c   0x08002c8c   0x00000036   Code   RO          867    .text.osRtxMemoryInit  RTX_CM4F.lib(rtx_memory.o)
    0x08002cc2   0x08002cc2   0x0000003a   Code   RO          883    .text.osRtxMemoryPoolAlloc  RTX_CM4F.lib(rtx_mempool.o)
    0x08002cfc   0x08002cfc   0x0000004a   Code   RO          885    .text.osRtxMemoryPoolFree  RTX_CM4F.lib(rtx_mempool.o)
    0x08002d46   0x08002d46   0x00000038   Code   RO          881    .text.osRtxMemoryPoolInit  RTX_CM4F.lib(rtx_mempool.o)
    0x08002d7e   0x08002d7e   0x000000aa   Code   RO          965    .text.osRtxMessageQueuePostProcess  RTX_CM4F.lib(rtx_msgqueue.o)
    0x08002e28   0x08002e28   0x00000024   Code   RO          933    .text.osRtxMessageQueueTimerSetup  RTX_CM4F.lib(rtx_msgqueue.o)
    0x08002e4c   0x08002e4c   0x00000048   Code   RO          824    .text.osRtxMutexOwnerRelease  RTX_CM4F.lib(rtx_mutex.o)
    0x08002e94   0x08002e94   0x00000048   Code   RO          826    .text.osRtxMutexOwnerRestore  RTX_CM4F.lib(rtx_mutex.o)
    0x08002edc   0x08002edc   0x00000088   Code   RO          997    .text.osRtxPendSV_Handler  RTX_CM4F.lib(rtx_system.o)
    0x08002f64   0x08002f64   0x00000070   Code   RO          999    .text.osRtxPostProcess  RTX_CM4F.lib(rtx_system.o)
    0x08002fd4   0x08002fd4   0x00000034   Code   RO          640    .text.osRtxThreadBlock  RTX_CM4F.lib(rtx_thread.o)
    0x08003008   0x08003008   0x0000007c   Code   RO          648    .text.osRtxThreadDelayInsert  RTX_CM4F.lib(rtx_thread.o)
    0x08003084   0x08003084   0x0000003c   Code   RO          644    .text.osRtxThreadDelayRemove  RTX_CM4F.lib(rtx_thread.o)
    0x080030c0   0x080030c0   0x00000050   Code   RO          632    .text.osRtxThreadDelayTick  RTX_CM4F.lib(rtx_thread.o)
    0x08003110   0x08003110   0x00000020   Code   RO          732    .text.osRtxThreadDestroy  RTX_CM4F.lib(rtx_thread.o)
    0x08003130   0x08003130   0x00000050   Code   RO          638    .text.osRtxThreadDispatch  RTX_CM4F.lib(rtx_thread.o)
    0x08003180   0x08003180   0x00000058   Code   RO          724    .text.osRtxThreadFree  RTX_CM4F.lib(rtx_thread.o)
    0x080031d8   0x080031d8   0x0000001e   Code   RO          730    .text.osRtxThreadJoinWakeup  RTX_CM4F.lib(rtx_thread.o)
    0x080031f6   0x080031f6   0x00000012   Code   RO          624    .text.osRtxThreadListGet  RTX_CM4F.lib(rtx_thread.o)
    0x08003208   0x08003208   0x0000002c   Code   RO          622    .text.osRtxThreadListPut  RTX_CM4F.lib(rtx_thread.o)
    0x08003234   0x08003234   0x00000014   Code   RO          628    .text.osRtxThreadListRemove  RTX_CM4F.lib(rtx_thread.o)
    0x08003248   0x08003248   0x00000026   Code   RO          626    .text.osRtxThreadListSort  RTX_CM4F.lib(rtx_thread.o)
    0x0800326e   0x0800326e   0x00000028   Code   RO          698    .text.osRtxThreadPostProcess  RTX_CM4F.lib(rtx_thread.o)
    0x08003296   0x08003296   0x00000002   PAD
    0x08003298   0x08003298   0x00000014   Code   RO          630    .text.osRtxThreadReadyPut  RTX_CM4F.lib(rtx_thread.o)
    0x080032ac   0x080032ac   0x00000014   Code   RO          634    .text.osRtxThreadRegPtr  RTX_CM4F.lib(rtx_thread.o)
    0x080032c0   0x080032c0   0x00000034   Code   RO          650    .text.osRtxThreadStartup  RTX_CM4F.lib(rtx_thread.o)
    0x080032f4   0x080032f4   0x0000000c   Code   RO          636    .text.osRtxThreadSwitch  RTX_CM4F.lib(rtx_thread.o)
    0x08003300   0x08003300   0x0000003c   Code   RO          646    .text.osRtxThreadWaitEnter  RTX_CM4F.lib(rtx_thread.o)
    0x0800333c   0x0800333c   0x00000030   Code   RO          642    .text.osRtxThreadWaitExit  RTX_CM4F.lib(rtx_thread.o)
    0x0800336c   0x0800336c   0x00000078   Code   RO          995    .text.osRtxTick_Handler  RTX_CM4F.lib(rtx_system.o)
    0x080033e4   0x080033e4   0x00000020   Code   RO          782    .text.osRtxTimerSetup  RTX_CM4F.lib(rtx_timer.o)
    0x08003404   0x08003404   0x00000020   Code   RO          786    .text.osRtxTimerThread  RTX_CM4F.lib(rtx_timer.o)
    0x08003424   0x08003424   0x00000070   Code   RO          784    .text.osRtxTimerTick  RTX_CM4F.lib(rtx_timer.o)
    0x08003494   0x08003494   0x0000000c   Code   RO          682    .text.osThreadExit  RTX_CM4F.lib(rtx_thread.o)
    0x080034a0   0x080034a0   0x00000024   Code   RO          654    .text.osThreadNew   RTX_CM4F.lib(rtx_thread.o)
    0x080034c4   0x080034c4   0x00000024   Code   RO          672    .text.osThreadYield  RTX_CM4F.lib(rtx_thread.o)
    0x080034e8   0x080034e8   0x00000036   Code   RO           95    .text.os_kernel_is_active  rtx_lib.o
    0x0800351e   0x0800351e   0x00000016   Code   RO          770    .text.svcRtxDelay   RTX_CM4F.lib(rtx_delay.o)
    0x08003534   0x08003534   0x00000008   Code   RO          562    .text.svcRtxKernelGetState  RTX_CM4F.lib(rtx_kernel.o)
    0x0800353c   0x0800353c   0x0000000c   Code   RO          578    .text.svcRtxKernelGetTickCount  RTX_CM4F.lib(rtx_kernel.o)
    0x08003548   0x08003548   0x00000100   Code   RO          592    .text.svcRtxKernelInitialize  RTX_CM4F.lib(rtx_kernel.o)
    0x08003648   0x08003648   0x0000008c   Code   RO          594    .text.svcRtxKernelStart  RTX_CM4F.lib(rtx_kernel.o)
    0x080036d4   0x080036d4   0x000000cc   Code   RO          977    .text.svcRtxMessageQueueGet  RTX_CM4F.lib(rtx_msgqueue.o)
    0x080037a0   0x080037a0   0x00000118   Code   RO          935    .text.svcRtxMessageQueueNew  RTX_CM4F.lib(rtx_msgqueue.o)
    0x080038b8   0x080038b8   0x000000a8   Code   RO          973    .text.svcRtxMessageQueuePut  RTX_CM4F.lib(rtx_msgqueue.o)
    0x08003960   0x08003960   0x00000090   Code   RO          844    .text.svcRtxMutexAcquire  RTX_CM4F.lib(rtx_mutex.o)
    0x080039f0   0x080039f0   0x000000ac   Code   RO          850    .text.svcRtxMutexDelete  RTX_CM4F.lib(rtx_mutex.o)
    0x08003a9c   0x08003a9c   0x00000068   Code   RO          840    .text.svcRtxMutexNew  RTX_CM4F.lib(rtx_mutex.o)
    0x08003b04   0x08003b04   0x000000b4   Code   RO          846    .text.svcRtxMutexRelease  RTX_CM4F.lib(rtx_mutex.o)
    0x08003bb8   0x08003bb8   0x0000004c   Code   RO          728    .text.svcRtxThreadExit  RTX_CM4F.lib(rtx_thread.o)
    0x08003c04   0x08003c04   0x000001e8   Code   RO          652    .text.svcRtxThreadNew  RTX_CM4F.lib(rtx_thread.o)
    0x08003dec   0x08003dec   0x00000038   Code   RO          714    .text.svcRtxThreadYield  RTX_CM4F.lib(rtx_thread.o)
    0x08003e24   0x08003e24   0x0000001a   Code   RO         1051    x$fpl$fpinit        fz_wm.l(fpinit.o)
    0x08003e3e   0x08003e3e   0x00000002   PAD
    0x08003e40   0x08003e40   0x00000070   Data   RO          109    .rodata             rtx_lib.o
    0x08003eb0   0x08003eb0   0x00000038   Data   RO          112    .rodata             rtx_lib.o
    0x08003ee8   0x08003ee8   0x00000010   Data   RO          541    .rodata.AHBPrescTable  system_stm32f7xx.o
    0x08003ef8   0x08003ef8   0x00000018   Data   RO          197    .rodata.EventRecorderInfo  eventrecorder.o
    0x08003f10   0x08003f10   0x00000008   Data   RO           81    .rodata.LED_PIN     led_746g_discovery.o
    0x08003f18   0x08003f18   0x00000004   Data   RO          111    .rodata.osRtxUserSVC  rtx_lib.o
    0x08003f1c   0x08003f1c   0x00000024   Data   RO          106    .rodata.os_idle_thread_attr  rtx_lib.o
    0x08003f40   0x08003f40   0x00000018   Data   RO          108    .rodata.os_timer_mq_attr  rtx_lib.o
    0x08003f58   0x08003f58   0x00000024   Data   RO          107    .rodata.os_timer_thread_attr  rtx_lib.o
    0x08003f7c   0x08003f7c   0x0000000d   Data   RO           46    .rodata.str1.1      led_thread.o
    0x08003f89   0x08003f89   0x00000003   PAD
    0x08003f8c   0x08003f8c   0x0000000b   Data   RO          612    .rodata.str1.4      RTX_CM4F.lib(rtx_kernel.o)
    0x08003f97   0x08003f97   0x00000001   PAD
    0x08003f98   0x08003f98   0x00000020   Data   RO         1223    Region$$Table       anon$$obj.o


    Execution Region RW_IRAM1 (Exec base: 0x20010000, Load base: 0x08003fc0, Size: 0x00009148, Max: 0x0003f800, ABSOLUTE)

    Exec Addr    Load Addr    Size         Type   Attr      Idx    E Section Name        Object

    0x20010000   0x08003fc0   0x00000004   Data   RW          540    .data.SystemCoreClock  system_stm32f7xx.o
    0x20010004   0x08003fc4   0x000000a4   Data   RW          613    .data.os            RTX_CM4F.lib(rtx_kernel.o)
    0x200100a8   0x08004068   0x0000000a   Data   RW           20    .data.string        main.o
    0x200100b2   0x08004072   0x00000002   PAD
    0x200100b4   0x08004074   0x00000004   Data   RW          293    .data.uwTickPrio    stm32f7xx_hal.o
    0x200100b8   0x08004078   0x00000008   PAD
    0x200100c0        -       0x00000060   Zero   RW         1090    .bss                c_w.l(libspace.o)
    0x20010120        -       0x00000004   Zero   RW           18    .bss.HAL_GetTick.ticks  main.o
    0x20010124        -       0x00000001   Zero   RW          198    .bss.TS_OverflowLock  eventrecorder.o
    0x20010125   0x08004078   0x0000001b   PAD
    0x20010140        -       0x000004a4   Zero   RW          196    .bss.noinit         eventrecorder.o
    0x200105e4   0x08004078   0x00000004   PAD
    0x200105e8        -       0x00008040   Zero   RW          105    .bss.os             rtx_lib.o
    0x20018628        -       0x00000001   Zero   RW         1027    .bss.os             RTX_CM4F.lib(os_systick.o)
    0x20018629   0x08004078   0x00000003   PAD
    0x2001862c        -       0x00000034   Zero   RW          117    .bss.os.msgqueue.cb  rtx_lib.o
    0x20018660        -       0x00000050   Zero   RW          118    .bss.os.msgqueue.mem  rtx_lib.o
    0x200186b0        -       0x00000088   Zero   RW          114    .bss.os.thread.cb   rtx_lib.o
    0x20018738        -       0x00000200   Zero   RW          115    .bss.os.thread.idle.stack  rtx_lib.o
    0x20018938        -       0x00000200   Zero   RW          116    .bss.os.thread.timer.stack  rtx_lib.o
    0x20018b38        -       0x00000001   Zero   RW          119    .bss.os_kernel_is_active.os_kernel_active  rtx_lib.o
    0x20018b39   0x08004078   0x00000003   PAD
    0x20018b3c        -       0x00000004   Zero   RW           19    .bss.some_error     main.o
    0x20018b40        -       0x00000004   Zero   RW           33    .bss.tid_ButtonThread  button_thread.o
    0x20018b44        -       0x00000004   Zero   RW           45    .bss.tid_Thread     led_thread.o
    0x20018b48        -       0x00000200   Zero   RW          527    HEAP                startup_stm32f746xx.o
    0x20018d48        -       0x00000400   Zero   RW          526    STACK               startup_stm32f746xx.o


==============================================================================

Image component sizes


      Code (inc. data)   RO Data    RW Data    ZI Data      Debug   Object Name

       120          0          0          0          4        901   button_thread.o
       114          0          0          0          0       2790   buttons_746g_discovery.o
      2112          0         24          0       1189       8925   eventrecorder.o
       186          0          8          0          0       3339   led_746g_discovery.o
       134          0         13          0          4        970   led_thread.o
       696          0          0         10          8       4993   main.o
        54          6          0          0          0        740   rtx_config.o
       212          0        268          0      34125       7491   rtx_lib.o
        64         26        456          0       1536        908   startup_stm32f746xx.o
        48          0          0          4          0       7988   stm32f7xx_hal.o
       316          0          0          0          0      10647   stm32f7xx_hal_cortex.o
      1096          0          0          0          0       5401   stm32f7xx_hal_gpio.o
       198          0          0          0          0       5917   stm32f7xx_hal_pwr_ex.o
      2666          0          0          0          0       8239   stm32f7xx_hal_rcc.o
       320          0         16          4          0       3383   system_stm32f7xx.o

    ----------------------------------------------------------------------
      8554         32        820         20      36908      72632   Object Totals
         0          0         32          0          0          0   (incl. Generated)
       218          0          3          2         42          0   (incl. Padding)

    ----------------------------------------------------------------------

      Code (inc. data)   RO Data    RW Data    ZI Data      Debug   Library Member Name

       200         12          0          0          0        634   irq_armv7m.o
       114         20          0          0          1       3199   os_systick.o
        58          4          0          0          0       2797   rtx_delay.o
       604         52         11        164          0      16781   rtx_kernel.o
       228          0          0          0          0       2590   rtx_memory.o
       188          0          0          0          0      16188   rtx_mempool.o
      1296         24          0          0          0      18765   rtx_msgqueue.o
       888         28          0          0          0      10068   rtx_mutex.o
       368         18          0          0          0       5444   rtx_system.o
      1728         52          0          0          0      32486   rtx_thread.o
       244         12          0          0          0      10433   rtx_timer.o
         8          0          0          0          0         68   __main.o
         0          0          0          0          0          0   __rtentry.o
        20          0          0          0          0          0   __rtentry2.o
         6          0          0          0          0          0   __rtentry4.o
        94          8          0          0          0          0   __scatter.o
        26          0          0          0          0          0   __scatter_copy.o
        28          0          0          0          0          0   __scatter_zi.o
        18          0          0          0          0         80   exit.o
         6          0          0          0          0        152   heapauxi.o
         0          0          0          0          0          0   indicate_semi.o
         2          0          0          0          0          0   libinit.o
         6          0          0          0          0          0   libinit2.o
         2          0          0          0          0          0   libshutdown.o
         2          0          0          0          0          0   libshutdown2.o
         8          4          0          0         96         68   libspace.o
       240          0          0          0          0        100   lludivv7m.o
        68          0          0          0          0         68   rt_memclr.o
        78          0          0          0          0         80   rt_memclr_w.o
       138          0          0          0          0         68   rt_memcpy_v6.o
       100          0          0          0          0         80   rt_memcpy_w.o
         2          0          0          0          0          0   rtexit.o
        10          0          0          0          0          0   rtexit2.o
        12          4          0          0          0         68   sys_exit.o
        74          0          0          0          0         80   sys_stackheap_outer.o
         2          0          0          0          0         68   use_no_semi.o
        26          0          0          0          0        116   fpinit.o

    ----------------------------------------------------------------------
      6926        242         12        164        100     120481   Library Totals
        34          4          1          0          3          0   (incl. Padding)

    ----------------------------------------------------------------------

      Code (inc. data)   RO Data    RW Data    ZI Data      Debug   Library Name

      5916        222         11        164          1     119385   RTX_CM4F.lib
       950         16          0          0         96        980   c_w.l
        26          0          0          0          0        116   fz_wm.l

    ----------------------------------------------------------------------
      6926        242         12        164        100     120481   Library Totals

    ----------------------------------------------------------------------

==============================================================================


      Code (inc. data)   RO Data    RW Data    ZI Data      Debug   

     15480        274        832        184      37008     192305   Grand Totals
     15480        274        832        184      37008     192305   ELF Image Totals
     15480        274        832        184          0          0   ROM Totals

==============================================================================

    Total RO  Size (Code + RO Data)                16312 (  15.93kB)
    Total RW  Size (RW Data + ZI Data)             37192 (  36.32kB)
    Total ROM Size (Code + RO Data + RW Data)      16496 (  16.11kB)

==============================================================================

